Archive member included because of file (symbol)

e:/devkitPro/libogc/lib/wii\libwiiuse.a(wpad.o)
                              template.o (WPAD_Init)
e:/devkitPro/libogc/lib/wii\libwiiuse.a(motion_plus.o)
                              e:/devkitPro/libogc/lib/wii\libwiiuse.a(wpad.o) (wiiuse_set_motion_plus)
e:/devkitPro/libogc/lib/wii\libwiiuse.a(dynamics.o)
                              e:/devkitPro/libogc/lib/wii\libwiiuse.a(wpad.o) (calculate_gforce)
e:/devkitPro/libogc/lib/wii\libwiiuse.a(io.o)
                              e:/devkitPro/libogc/lib/wii\libwiiuse.a(motion_plus.o) (wiiuse_disable_expansion)
e:/devkitPro/libogc/lib/wii\libwiiuse.a(io_wii.o)
                              e:/devkitPro/libogc/lib/wii\libwiiuse.a(wpad.o) (__wiiuse_sensorbar_enable)
e:/devkitPro/libogc/lib/wii\libwiiuse.a(ir.o)
                              e:/devkitPro/libogc/lib/wii\libwiiuse.a(motion_plus.o) (wiiuse_set_ir_mode)
e:/devkitPro/libogc/lib/wii\libwiiuse.a(nunchuk.o)
                              e:/devkitPro/libogc/lib/wii\libwiiuse.a(io.o) (nunchuk_handshake)
e:/devkitPro/libogc/lib/wii\libwiiuse.a(wiiboard.o)
                              e:/devkitPro/libogc/lib/wii\libwiiuse.a(io.o) (wii_board_handshake)
e:/devkitPro/libogc/lib/wii\libwiiuse.a(wiiuse.o)
                              e:/devkitPro/libogc/lib/wii\libwiiuse.a(io_wii.o) (wiiuse_send_next_command)
e:/devkitPro/libogc/lib/wii\libwiiuse.a(speaker.o)
                              e:/devkitPro/libogc/lib/wii\libwiiuse.a(wpad.o) (wencdata)
e:/devkitPro/libogc/lib/wii\libwiiuse.a(classic.o)
                              e:/devkitPro/libogc/lib/wii\libwiiuse.a(io.o) (classic_ctrl_handshake)
e:/devkitPro/libogc/lib/wii\libwiiuse.a(events.o)
                              e:/devkitPro/libogc/lib/wii\libwiiuse.a(io_wii.o) (parse_event)
e:/devkitPro/libogc/lib/wii\libwiiuse.a(guitar_hero_3.o)
                              e:/devkitPro/libogc/lib/wii\libwiiuse.a(io.o) (guitar_hero_3_handshake)
e:/devkitPro/libogc/lib/wii\libbte.a(bte.o)
                              e:/devkitPro/libogc/lib/wii\libwiiuse.a(wpad.o) (BTE_Init)
e:/devkitPro/libogc/lib/wii\libbte.a(hci.o)
                              e:/devkitPro/libogc/lib/wii\libbte.a(bte.o) (hci_init)
e:/devkitPro/libogc/lib/wii\libbte.a(l2cap.o)
                              e:/devkitPro/libogc/lib/wii\libbte.a(bte.o) (l2cap_init)
e:/devkitPro/libogc/lib/wii\libbte.a(btmemb.o)
                              e:/devkitPro/libogc/lib/wii\libbte.a(bte.o) (btmemb_init)
e:/devkitPro/libogc/lib/wii\libbte.a(btmemr.o)
                              e:/devkitPro/libogc/lib/wii\libbte.a(hci.o) (btmemr_init)
e:/devkitPro/libogc/lib/wii\libbte.a(btpbuf.o)
                              e:/devkitPro/libogc/lib/wii\libbte.a(hci.o) (btpbuf_init)
e:/devkitPro/libogc/lib/wii\libbte.a(physbusif.o)
                              e:/devkitPro/libogc/lib/wii\libbte.a(bte.o) (physbusif_init)
e:/devkitPro/libogc/lib/wii\libogc.a(console.o)
                              template.o (CON_Init)
e:/devkitPro/libogc/lib/wii\libogc.a(lwp_queue.o)
                              e:/devkitPro/libogc/lib/wii\libwiiuse.a(io_wii.o) (__lwp_queue_initialize)
e:/devkitPro/libogc/lib/wii\libogc.a(lwp_threads.o)
                              e:/devkitPro/libogc/lib/wii\libwiiuse.a(wpad.o) (_thread_dispatch_disable_level)
e:/devkitPro/libogc/lib/wii\libogc.a(lwp.o)
                              e:/devkitPro/libogc/lib/wii\libbte.a(bte.o) (LWP_InitQueue)
e:/devkitPro/libogc/lib/wii\libogc.a(lwp_handler.o)
                              e:/devkitPro/libogc/lib/wii\libogc.a(lwp_threads.o) (_cpu_context_save_fp)
e:/devkitPro/libogc/lib/wii\libogc.a(lwp_stack.o)
                              e:/devkitPro/libogc/lib/wii\libogc.a(lwp_threads.o) (__lwp_stack_allocate)
e:/devkitPro/libogc/lib/wii\libogc.a(lwp_watchdog.o)
                              e:/devkitPro/libogc/lib/wii\libogc.a(lwp_threads.o) (_wd_ticks_queue)
e:/devkitPro/libogc/lib/wii\libogc.a(lwp_wkspace.o)
                              e:/devkitPro/libogc/lib/wii\libwiiuse.a(io.o) (__wkspace_heap)
e:/devkitPro/libogc/lib/wii\libogc.a(lwp_objmgr.o)
                              e:/devkitPro/libogc/lib/wii\libogc.a(lwp.o) (__lwp_objmgr_initinfo)
e:/devkitPro/libogc/lib/wii\libogc.a(lwp_heap.o)
                              e:/devkitPro/libogc/lib/wii\libogc.a(lwp_wkspace.o) (__lwp_heap_init)
e:/devkitPro/libogc/lib/wii\libogc.a(sys_state.o)
                              e:/devkitPro/libogc/lib/wii\libogc.a(lwp_threads.o) (_sys_state_curr)
e:/devkitPro/libogc/lib/wii\libogc.a(irq.o)
                              e:/devkitPro/libogc/lib/wii\libwiiuse.a(io_wii.o) (IRQ_Disable)
e:/devkitPro/libogc/lib/wii\libogc.a(video.o)
                              e:/devkitPro/libogc/lib/wii\libogc.a(console.o) (VIDEO_GetCurrentFramebuffer)
e:/devkitPro/libogc/lib/wii\libogc.a(system.o)
                              e:/devkitPro/libogc/lib/wii\libwiiuse.a(wpad.o) (__SYS_DoPowerCB)
[...]
Memory Configuration

Name             Origin             Length             Attributes
*default*        0x00000000         0xffffffff

Linker script and memory map

                0x00003400                . = 0x3400

.stub
 *(.stub)
                0x80004000                . = 0x80004000

.init           0x80004000      0x194
 *crt0.o(*.init)
 .init          0x80004000      0x170 e:/devkitPro/libogc/lib/wii\libogc.a(ogc_crt0.o)
                0x80004000                _start
                0x80004140                _memset
 *(.init)
 .init          0x80004170        0xc e:/devkitpro/devkitppc/bin/../lib/gcc/powerpc-eabi/4.6.1/ecrti.o
                0x80004170                __init
 .init          0x8000417c        0x4 e:/devkitpro/devkitppc/bin/../lib/gcc/powerpc-eabi/4.6.1/crtbegin.o
 .init          0x80004180        0x4 e:/devkitpro/devkitppc/bin/../lib/gcc/powerpc-eabi/4.6.1/crtend.o
 .init          0x80004184       0x10 e:/devkitpro/devkitppc/bin/../lib/gcc/powerpc-eabi/4.6.1/ecrtn.o

.rela.dyn       0x80004194        0x0
 .rela.iplt     0x00000000        0x0 e:/devkitpro/devkitppc/bin/../lib/gcc/powerpc-eabi/4.6.1/crtbegin.o

.plt
 *(.plt)

.interp
 *(.interp)

.hash
 *(.hash)

.dynsym
 *(.dynsym)

.dynstr
 *(.dynstr)

.gnu.version
 *(.gnu.version)

.gnu.version_d
 *(.gnu.version_d)

.gnu.version_r
 *(.gnu.version_r)

.rel.init
 *(.rel.init)

.rela.init      0x80004194        0x0
 *(.rela.init)
 .rela.init     0x00000000        0x0 e:/devkitpro/devkitppc/bin/../lib/gcc/powerpc-eabi/4.6.1/crtbegin.o

.rel.text
 *(.rel.text .rel.text.* .rel.gnu.linkonce.t.*)

.rela.text      0x80004194        0x0
 *(.rela.text .rela.text.* .rela.gnu.linkonce.t.*)
 .rela.text     0x00000000        0x0 e:/devkitpro/devkitppc/bin/../lib/gcc/powerpc-eabi/4.6.1/crtbegin.o
 .rela.text.wiiuse_handshake_expansion
                0x00000000        0x0 e:/devkitpro/devkitppc/bin/../lib/gcc/powerpc-eabi/4.6.1/crtbegin.o
 .rela.text.wiiuse_handshake
                0x00000000        0x0 e:/devkitpro/devkitppc/bin/../lib/gcc/powerpc-eabi/4.6.1/crtbegin.o
 .rela.text.wiiuse_init_cmd_queue
                0x00000000        0x0 e:/devkitpro/devkitppc/bin/../lib/gcc/powerpc-eabi/4.6.1/crtbegin.o
 .rela.text.wiiuse_init
                0x00000000        0x0 e:/devkitpro/devkitppc/bin/../lib/gcc/powerpc-eabi/4.6.1/crtbegin.o
 .rela.text.bt_alarmhandler
                0x00000000        0x0 e:/devkitpro/devkitppc/bin/../lib/gcc/powerpc-eabi/4.6.1/crtbegin.o
 .rela.text.__console_init
                0x00000000        0x0 e:/devkitpro/devkitppc/bin/../lib/gcc/powerpc-eabi/4.6.1/crtbegin.o
 .rela.text.__console_init_ex
                0x00000000        0x0 e:/devkitpro/devkitppc/bin/../lib/gcc/powerpc-eabi/4.6.1/crtbegin.o
 .rela.text.CON_EnableGecko
                0x00000000        0x0 e:/devkitpro/devkitppc/bin/../lib/gcc/powerpc-eabi/4.6.1/crtbegin.o
 .rela.text.__lwp_thread_calcheir
                0x00000000        0x0 e:/devkitpro/devkitppc/bin/../lib/gcc/powerpc-eabi/4.6.1/crtbegin.o
 .rela.text.__lwp_wd_insert_ticks.constprop.4
                0x00000000        0x0 e:/devkitpro/devkitppc/bin/../lib/gcc/powerpc-eabi/4.6.1/crtbegin.o
 .rela.text.__lwp_rotate_readyqueue
                0x00000000        0x0 e:/devkitpro/devkitppc/bin/../lib/gcc/powerpc-eabi/4.6.1/crtbegin.o
 .rela.text.__lwp_thread_setpriority
                0x00000000        0x0 e:/devkitpro/devkitppc/bin/../lib/gcc/powerpc-eabi/4.6.1/crtbegin.o
 .rela.text.__lwp_thread_close
                0x00000000        0x0 e:/devkitpro/devkitppc/bin/../lib/gcc/powerpc-eabi/4.6.1/crtbegin.o
 .rela.text.__lwp_thread_closeall
                0x00000000        0x0 e:/devkitpro/devkitppc/bin/../lib/gcc/powerpc-eabi/4.6.1/crtbegin.o
 .rela.text.__lwp_thread_startmultitasking
                0x00000000        0x0 e:/devkitpro/devkitppc/bin/../lib/gcc/powerpc-eabi/4.6.1/crtbegin.o
 .rela.text.__lwp_thread_stopmultitasking
                0x00000000        0x0 e:/devkitpro/devkitppc/bin/../lib/gcc/powerpc-eabi/4.6.1/crtbegin.o
 .rela.text.__lwp_thread_coreinit
                0x00000000        0x0 e:/devkitpro/devkitppc/bin/../lib/gcc/powerpc-eabi/4.6.1/crtbegin.o
 .rela.text.__lwp_cntrl_free
                0x00000000        0x0 e:/devkitpro/devkitppc/bin/../lib/gcc/powerpc-eabi/4.6.1/crtbegin.o
 .rela.text.__lwp_tqueue_open
                0x00000000        0x0 e:/devkitpro/devkitppc/bin/../lib/gcc/powerpc-eabi/4.6.1/crtbegin.o
 .rela.text.__lwp_cntrl_open
                0x00000000        0x0 e:/devkitpro/devkitppc/bin/../lib/gcc/powerpc-eabi/4.6.1/crtbegin.o
 .rela.text.__lwp_sysinit
                0x00000000        0x0 e:/devkitpro/devkitppc/bin/../lib/gcc/powerpc-eabi/4.6.1/crtbegin.o
 .rela.text.__lwp_thread_isalive
                0x00000000        0x0 e:/devkitpro/devkitppc/bin/../lib/gcc/powerpc-eabi/4.6.1/crtbegin.o
 .rela.text.__lwp_thread_exists
                0x00000000        0x0 e:/devkitpro/devkitppc/bin/../lib/gcc/powerpc-eabi/4.6.1/crtbegin.o
 .rela.text.__lwp_thread_context
                0x00000000        0x0 e:/devkitpro/devkitppc/bin/../lib/gcc/powerpc-eabi/4.6.1/crtbegin.o
 .rela.text.LWP_CreateThread
                0x00000000        0x0 e:/devkitpro/devkitppc/bin/../lib/gcc/powerpc-eabi/4.6.1/crtbegin.o
 .rela.text.LWP_InitQueue
                0x00000000        0x0 e:/devkitpro/devkitppc/bin/../lib/gcc/powerpc-eabi/4.6.1/crtbegin.o
 .rela.text.LWP_CloseQueue
                0x00000000        0x0 e:/devkitpro/devkitppc/bin/../lib/gcc/powerpc-eabi/4.6.1/crtbegin.o
 .rela.text.__lwp_stack_allocate
                0x00000000        0x0 e:/devkitpro/devkitppc/bin/../lib/gcc/powerpc-eabi/4.6.1/crtbegin.o
 .rela.text.__lwp_stack_free
                0x00000000        0x0 e:/devkitpro/devkitppc/bin/../lib/gcc/powerpc-eabi/4.6.1/crtbegin.o
 .rela.text.__lwp_watchdog_init
                0x00000000        0x0 e:/devkitpro/devkitppc/bin/../lib/gcc/powerpc-eabi/4.6.1/crtbegin.o
 .rela.text.__lwp_wd_tickle
                0x00000000        0x0 e:/devkitpro/devkitppc/bin/../lib/gcc/powerpc-eabi/4.6.1/crtbegin.o
 .rela.text.__lwp_wkspace_heapfree
                0x00000000        0x0 e:/devkitpro/devkitppc/bin/../lib/gcc/powerpc-eabi/4.6.1/crtbegin.o
 .rela.text.__lwp_wkspace_heapused
                0x00000000        0x0 e:/devkitpro/devkitppc/bin/../lib/gcc/powerpc-eabi/4.6.1/crtbegin.o
 .rela.text.__lwp_wkspace_init
                0x00000000        0x0 e:/devkitpro/devkitppc/bin/../lib/gcc/powerpc-eabi/4.6.1/crtbegin.o
 .rela.text.__lwp_objmgr_initinfo
                0x00000000        0x0 e:/devkitpro/devkitppc/bin/../lib/gcc/powerpc-eabi/4.6.1/crtbegin.o
 .rela.text.__irq_init
                0x00000000        0x0 e:/devkitpro/devkitppc/bin/../lib/gcc/powerpc-eabi/4.6.1/crtbegin.o
 .rela.text.__call_resetfuncs
                0x00000000        0x0 e:/devkitpro/devkitppc/bin/../lib/gcc/powerpc-eabi/4.6.1/crtbegin.o
 .rela.text.__locksram
                0x00000000        0x0 e:/devkitpro/devkitppc/bin/../lib/gcc/powerpc-eabi/4.6.1/crtbegin.o
 .rela.text.__lwp_wd_insert_ticks
                0x00000000        0x0 e:/devkitpro/devkitppc/bin/../lib/gcc/powerpc-eabi/4.6.1/crtbegin.o
 .rela.text.__unlocksram
                0x00000000        0x0 e:/devkitpro/devkitppc/bin/../lib/gcc/powerpc-eabi/4.6.1/crtbegin.o
 .rela.text.__sram_writecallback
                0x00000000        0x0 e:/devkitpro/devkitppc/bin/../lib/gcc/powerpc-eabi/4.6.1/crtbegin.o
 .rela.text.__sram_init
                0x00000000        0x0 e:/devkitpro/devkitppc/bin/../lib/gcc/powerpc-eabi/4.6.1/crtbegin.o
 .rela.text.__SYS_SyncSram
                0x00000000        0x0 e:/devkitpro/devkitppc/bin/../lib/gcc/powerpc-eabi/4.6.1/crtbegin.o
 .rela.text.SYS_Init
                0x00000000        0x0 e:/devkitpro/devkitppc/bin/../lib/gcc/powerpc-eabi/4.6.1/crtbegin.o
 .rela.text.SYS_RemoveAlarm
                0x00000000        0x0 e:/devkitpro/devkitppc/bin/../lib/gcc/powerpc-eabi/4.6.1/crtbegin.o
 .rela.text.SYS_CancelAlarm
                0x00000000        0x0 e:/devkitpro/devkitppc/bin/../lib/gcc/powerpc-eabi/4.6.1/crtbegin.o
 .rela.text.__lwp_cond_open
                0x00000000        0x0 e:/devkitpro/devkitppc/bin/../lib/gcc/powerpc-eabi/4.6.1/crtbegin.o
 .rela.text.__lwp_cond_init
                0x00000000        0x0 e:/devkitpro/devkitppc/bin/../lib/gcc/powerpc-eabi/4.6.1/crtbegin.o
 .rela.text.LWP_CondInit
                0x00000000        0x0 e:/devkitpro/devkitppc/bin/../lib/gcc/powerpc-eabi/4.6.1/crtbegin.o
 .rela.text.LWP_CondDestroy
                0x00000000        0x0 e:/devkitpro/devkitppc/bin/../lib/gcc/powerpc-eabi/4.6.1/crtbegin.o
 .rela.text.c_decrementer_handler
                0x00000000        0x0 e:/devkitpro/devkitppc/bin/../lib/gcc/powerpc-eabi/4.6.1/crtbegin.o
 .rela.text.__lwp_mqbox_free
                0x00000000        0x0 e:/devkitpro/devkitppc/bin/../lib/gcc/powerpc-eabi/4.6.1/crtbegin.o
 .rela.text.__lwp_mqbox_open
                0x00000000        0x0 e:/devkitpro/devkitppc/bin/../lib/gcc/powerpc-eabi/4.6.1/crtbegin.o
 .rela.text.__lwp_mqbox_init
                0x00000000        0x0 e:/devkitpro/devkitppc/bin/../lib/gcc/powerpc-eabi/4.6.1/crtbegin.o
 .rela.text.MQ_Init
                0x00000000        0x0 e:/devkitpro/devkitppc/bin/../lib/gcc/powerpc-eabi/4.6.1/crtbegin.o
 .rela.text.__ios_ioctlvformat_parse
                0x00000000        0x0 e:/devkitpro/devkitppc/bin/../lib/gcc/powerpc-eabi/4.6.1/crtbegin.o
 .rela.text.__ioctlvfmtCB
                0x00000000        0x0 e:/devkitpro/devkitppc/bin/../lib/gcc/powerpc-eabi/4.6.1/crtbegin.o
 .rela.text.IOS_IoctlvFormat
                0x00000000        0x0 e:/devkitpro/devkitppc/bin/../lib/gcc/powerpc-eabi/4.6.1/crtbegin.o
 .rela.text.IOS_IoctlvFormatAsync
                0x00000000        0x0 e:/devkitpro/devkitppc/bin/../lib/gcc/powerpc-eabi/4.6.1/crtbegin.o
 .rela.text.nanosleep
                0x00000000        0x0 e:/devkitpro/devkitppc/bin/../lib/gcc/powerpc-eabi/4.6.1/crtbegin.o
 .rela.text.__libc_delete_hook
                0x00000000        0x0 e:/devkitpro/devkitppc/bin/../lib/gcc/powerpc-eabi/4.6.1/crtbegin.o
 .rela.text.__libc_init
                0x00000000        0x0 e:/devkitpro/devkitppc/bin/../lib/gcc/powerpc-eabi/4.6.1/crtbegin.o
 .rela.text.__libc_wrapup
                0x00000000        0x0 e:/devkitpro/devkitppc/bin/../lib/gcc/powerpc-eabi/4.6.1/crtbegin.o
 .rela.text.__CheckARGV
                0x00000000        0x0 e:/devkitpro/devkitppc/bin/../lib/gcc/powerpc-eabi/4.6.1/crtbegin.o
 .rela.text.__lwp_priority_init
                0x00000000        0x0 e:/devkitpro/devkitppc/bin/../lib/gcc/powerpc-eabi/4.6.1/crtbegin.o
 .rela.text.__lwp_wd_remove_ticks
                0x00000000        0x0 e:/devkitpro/devkitppc/bin/../lib/gcc/powerpc-eabi/4.6.1/crtbegin.o
 .rela.text.__lwp_threadqueue_enqueue
                0x00000000        0x0 e:/devkitpro/devkitppc/bin/../lib/gcc/powerpc-eabi/4.6.1/crtbegin.o
 .rela.text.__lwpmq_initialize
                0x00000000        0x0 e:/devkitpro/devkitppc/bin/../lib/gcc/powerpc-eabi/4.6.1/crtbegin.o
 .rela.text.__lwpmq_close
                0x00000000        0x0 e:/devkitpro/devkitppc/bin/../lib/gcc/powerpc-eabi/4.6.1/crtbegin.o
 .rela.text.__systemcall_init
                0x00000000        0x0 e:/devkitpro/devkitppc/bin/../lib/gcc/powerpc-eabi/4.6.1/crtbegin.o
 .rela.text.__exception_init
                0x00000000        0x0 e:/devkitpro/devkitppc/bin/../lib/gcc/powerpc-eabi/4.6.1/crtbegin.o
 .rela.text.__exception_close
                0x00000000        0x0 e:/devkitpro/devkitppc/bin/../lib/gcc/powerpc-eabi/4.6.1/crtbegin.o
 .rela.text.__exception_sethandler
                0x00000000        0x0 e:/devkitpro/devkitppc/bin/../lib/gcc/powerpc-eabi/4.6.1/crtbegin.o
 .rela.text.__lwp_sema_open
                0x00000000        0x0 e:/devkitpro/devkitppc/bin/../lib/gcc/powerpc-eabi/4.6.1/crtbegin.o
 .rela.text.__lwp_sema_init
                0x00000000        0x0 e:/devkitpro/devkitppc/bin/../lib/gcc/powerpc-eabi/4.6.1/crtbegin.o
 .rela.text.LWP_SemInit
                0x00000000        0x0 e:/devkitpro/devkitppc/bin/../lib/gcc/powerpc-eabi/4.6.1/crtbegin.o
 .rela.text.LWP_SemDestroy
                0x00000000        0x0 e:/devkitpro/devkitppc/bin/../lib/gcc/powerpc-eabi/4.6.1/crtbegin.o
 .rela.text.__lwp_mutex_locksupp.constprop.7
                0x00000000        0x0 e:/devkitpro/devkitppc/bin/../lib/gcc/powerpc-eabi/4.6.1/crtbegin.o
 .rela.text.__lwp_mutex_init
                0x00000000        0x0 e:/devkitpro/devkitppc/bin/../lib/gcc/powerpc-eabi/4.6.1/crtbegin.o
 .rela.text.LWP_MutexInit
                0x00000000        0x0 e:/devkitpro/devkitppc/bin/../lib/gcc/powerpc-eabi/4.6.1/crtbegin.o
 .rela.text.LWP_MutexDestroy
                0x00000000        0x0 e:/devkitpro/devkitppc/bin/../lib/gcc/powerpc-eabi/4.6.1/crtbegin.o
 .rela.text.LWP_MutexUnlock
                0x00000000        0x0 e:/devkitpro/devkitppc/bin/../lib/gcc/powerpc-eabi/4.6.1/crtbegin.o
 .rela.text.__GX_FifoLink
                0x00000000        0x0 e:/devkitpro/devkitppc/bin/../lib/gcc/powerpc-eabi/4.6.1/crtbegin.o
 .rela.text.__GX_WriteFifoIntEnable
                0x00000000        0x0 e:/devkitpro/devkitppc/bin/../lib/gcc/powerpc-eabi/4.6.1/crtbegin.o
 .rela.text.__GX_FifoReadEnable
                0x00000000        0x0 e:/devkitpro/devkitppc/bin/../lib/gcc/powerpc-eabi/4.6.1/crtbegin.o
 .rela.text.__GX_FifoReadDisable
                0x00000000        0x0 e:/devkitpro/devkitppc/bin/../lib/gcc/powerpc-eabi/4.6.1/crtbegin.o
 .rela.text.__GX_InitRevBits
                0x00000000        0x0 e:/devkitpro/devkitppc/bin/../lib/gcc/powerpc-eabi/4.6.1/crtbegin.o
 .rela.text.__GXDefTexRegionCallback
                0x00000000        0x0 e:/devkitpro/devkitppc/bin/../lib/gcc/powerpc-eabi/4.6.1/crtbegin.o
 .rela.text.__GXDefTlutRegionCallback
                0x00000000        0x0 e:/devkitpro/devkitppc/bin/../lib/gcc/powerpc-eabi/4.6.1/crtbegin.o
 .rela.text.__GX_FlushTextureState
                0x00000000        0x0 e:/devkitpro/devkitppc/bin/../lib/gcc/powerpc-eabi/4.6.1/crtbegin.o
 .rela.text.__SetSURegs
                0x00000000        0x0 e:/devkitpro/devkitppc/bin/../lib/gcc/powerpc-eabi/4.6.1/crtbegin.o
 .rela.text.__SETVCDFMT
                0x00000000        0x0 e:/devkitpro/devkitppc/bin/../lib/gcc/powerpc-eabi/4.6.1/crtbegin.o
 .rela.text.__GX_SetMatrixIndex
                0x00000000        0x0 e:/devkitpro/devkitppc/bin/../lib/gcc/powerpc-eabi/4.6.1/crtbegin.o
 .rela.text.__GX_SetDirtyState
                0x00000000        0x0 e:/devkitpro/devkitppc/bin/../lib/gcc/powerpc-eabi/4.6.1/crtbegin.o
 .rela.text.__SETVCDATTR
                0x00000000        0x0 e:/devkitpro/devkitppc/bin/../lib/gcc/powerpc-eabi/4.6.1/crtbegin.o
 .rela.text.__GX_WriteFifoIntReset.constprop.6
                0x00000000        0x0 e:/devkitpro/devkitppc/bin/../lib/gcc/powerpc-eabi/4.6.1/crtbegin.o
 .rela.text.__GXCPInterruptHandler
                0x00000000        0x0 e:/devkitpro/devkitppc/bin/../lib/gcc/powerpc-eabi/4.6.1/crtbegin.o
 .rela.text.GX_Flush
                0x00000000        0x0 e:/devkitpro/devkitppc/bin/../lib/gcc/powerpc-eabi/4.6.1/crtbegin.o
 .rela.text.GX_EnableBreakPt
                0x00000000        0x0 e:/devkitpro/devkitppc/bin/../lib/gcc/powerpc-eabi/4.6.1/crtbegin.o
 .rela.text.GX_DisableBreakPt
                0x00000000        0x0 e:/devkitpro/devkitppc/bin/../lib/gcc/powerpc-eabi/4.6.1/crtbegin.o
 .rela.text.GX_AbortFrame
                0x00000000        0x0 e:/devkitpro/devkitppc/bin/../lib/gcc/powerpc-eabi/4.6.1/crtbegin.o
 .rela.text.GX_PixModeSync
                0x00000000        0x0 e:/devkitpro/devkitppc/bin/../lib/gcc/powerpc-eabi/4.6.1/crtbegin.o
 .rela.text.GX_SetMisc
                0x00000000        0x0 e:/devkitpro/devkitppc/bin/../lib/gcc/powerpc-eabi/4.6.1/crtbegin.o
 .rela.text.GX_SetCopyClamp
                0x00000000        0x0 e:/devkitpro/devkitppc/bin/../lib/gcc/powerpc-eabi/4.6.1/crtbegin.o
 .rela.text.GX_SetDispCopyGamma
                0x00000000        0x0 e:/devkitpro/devkitppc/bin/../lib/gcc/powerpc-eabi/4.6.1/crtbegin.o
 .rela.text.GX_SetDispCopyFrame2Field
                0x00000000        0x0 e:/devkitpro/devkitppc/bin/../lib/gcc/powerpc-eabi/4.6.1/crtbegin.o
 .rela.text.GX_SetDispCopyYScale
                0x00000000        0x0 e:/devkitpro/devkitppc/bin/../lib/gcc/powerpc-eabi/4.6.1/crtbegin.o
 .rela.text.GX_SetDispCopyDst
                0x00000000        0x0 e:/devkitpro/devkitppc/bin/../lib/gcc/powerpc-eabi/4.6.1/crtbegin.o
 .rela.text.GX_SetDispCopySrc
                0x00000000        0x0 e:/devkitpro/devkitppc/bin/../lib/gcc/powerpc-eabi/4.6.1/crtbegin.o
 .rela.text.GX_CopyDisp
                0x00000000        0x0 e:/devkitpro/devkitppc/bin/../lib/gcc/powerpc-eabi/4.6.1/crtbegin.o
 .rela.text.GX_CopyTex
                0x00000000        0x0 e:/devkitpro/devkitppc/bin/../lib/gcc/powerpc-eabi/4.6.1/crtbegin.o
 .rela.text.GX_SetTexCopySrc
                0x00000000        0x0 e:/devkitpro/devkitppc/bin/../lib/gcc/powerpc-eabi/4.6.1/crtbegin.o
 .rela.text.GX_SetTexCopyDst
                0x00000000        0x0 e:/devkitpro/devkitppc/bin/../lib/gcc/powerpc-eabi/4.6.1/crtbegin.o
 .rela.text.GX_BeginDispList
                0x00000000        0x0 e:/devkitpro/devkitppc/bin/../lib/gcc/powerpc-eabi/4.6.1/crtbegin.o
 .rela.text.GX_EndDispList
                0x00000000        0x0 e:/devkitpro/devkitppc/bin/../lib/gcc/powerpc-eabi/4.6.1/crtbegin.o
 .rela.text.GX_CallDispList
                0x00000000        0x0 e:/devkitpro/devkitppc/bin/../lib/gcc/powerpc-eabi/4.6.1/crtbegin.o
 .rela.text.GX_SetChanCtrl
                0x00000000        0x0 e:/devkitpro/devkitppc/bin/../lib/gcc/powerpc-eabi/4.6.1/crtbegin.o
 .rela.text.GX_SetChanAmbColor
                0x00000000        0x0 e:/devkitpro/devkitppc/bin/../lib/gcc/powerpc-eabi/4.6.1/crtbegin.o
 .rela.text.GX_SetChanMatColor
                0x00000000        0x0 e:/devkitpro/devkitppc/bin/../lib/gcc/powerpc-eabi/4.6.1/crtbegin.o
 .rela.text.GX_SetVtxDesc
                0x00000000        0x0 e:/devkitpro/devkitppc/bin/../lib/gcc/powerpc-eabi/4.6.1/crtbegin.o
 .rela.text.GX_SetVtxDescv
                0x00000000        0x0 e:/devkitpro/devkitppc/bin/../lib/gcc/powerpc-eabi/4.6.1/crtbegin.o
 .rela.text.GX_GetVtxDescv
                0x00000000        0x0 e:/devkitpro/devkitppc/bin/../lib/gcc/powerpc-eabi/4.6.1/crtbegin.o
 .rela.text.GX_SetVtxAttrFmt
                0x00000000        0x0 e:/devkitpro/devkitppc/bin/../lib/gcc/powerpc-eabi/4.6.1/crtbegin.o
 .rela.text.GX_SetVtxAttrFmtv
                0x00000000        0x0 e:/devkitpro/devkitppc/bin/../lib/gcc/powerpc-eabi/4.6.1/crtbegin.o
 .rela.text.GX_Begin
                0x00000000        0x0 e:/devkitpro/devkitppc/bin/../lib/gcc/powerpc-eabi/4.6.1/crtbegin.o
 .rela.text.GX_SetTexCoordGen2
                0x00000000        0x0 e:/devkitpro/devkitppc/bin/../lib/gcc/powerpc-eabi/4.6.1/crtbegin.o
 .rela.text.GX_SetCurrentMtx
                0x00000000        0x0 e:/devkitpro/devkitppc/bin/../lib/gcc/powerpc-eabi/4.6.1/crtbegin.o
 .rela.text.GX_SetNumTexGens
                0x00000000        0x0 e:/devkitpro/devkitppc/bin/../lib/gcc/powerpc-eabi/4.6.1/crtbegin.o
 .rela.text.GX_SetZMode
                0x00000000        0x0 e:/devkitpro/devkitppc/bin/../lib/gcc/powerpc-eabi/4.6.1/crtbegin.o
 .rela.text.GX_LoadTexObjPreloaded
                0x00000000        0x0 e:/devkitpro/devkitppc/bin/../lib/gcc/powerpc-eabi/4.6.1/crtbegin.o
 .rela.text.GX_SetTexCoordScaleManually
                0x00000000        0x0 e:/devkitpro/devkitppc/bin/../lib/gcc/powerpc-eabi/4.6.1/crtbegin.o
 .rela.text.GX_SetTexCoordCylWrap
                0x00000000        0x0 e:/devkitpro/devkitppc/bin/../lib/gcc/powerpc-eabi/4.6.1/crtbegin.o
 .rela.text.GX_SetTexCoordBias
                0x00000000        0x0 e:/devkitpro/devkitppc/bin/../lib/gcc/powerpc-eabi/4.6.1/crtbegin.o
 .rela.text.GX_SetBlendMode
                0x00000000        0x0 e:/devkitpro/devkitppc/bin/../lib/gcc/powerpc-eabi/4.6.1/crtbegin.o
 .rela.text.GX_ClearVtxDesc
                0x00000000        0x0 e:/devkitpro/devkitppc/bin/../lib/gcc/powerpc-eabi/4.6.1/crtbegin.o
 .rela.text.GX_SetLineWidth
                0x00000000        0x0 e:/devkitpro/devkitppc/bin/../lib/gcc/powerpc-eabi/4.6.1/crtbegin.o
 .rela.text.GX_SetPointSize
                0x00000000        0x0 e:/devkitpro/devkitppc/bin/../lib/gcc/powerpc-eabi/4.6.1/crtbegin.o
 .rela.text.GX_SetTevColorIn
                0x00000000        0x0 e:/devkitpro/devkitppc/bin/../lib/gcc/powerpc-eabi/4.6.1/crtbegin.o
 .rela.text.GX_SetTevAlphaIn
                0x00000000        0x0 e:/devkitpro/devkitppc/bin/../lib/gcc/powerpc-eabi/4.6.1/crtbegin.o
 .rela.text.GX_SetTevColorOp
                0x00000000        0x0 e:/devkitpro/devkitppc/bin/../lib/gcc/powerpc-eabi/4.6.1/crtbegin.o
 .rela.text.GX_SetTevAlphaOp
                0x00000000        0x0 e:/devkitpro/devkitppc/bin/../lib/gcc/powerpc-eabi/4.6.1/crtbegin.o
 .rela.text.GX_SetCullMode
                0x00000000        0x0 e:/devkitpro/devkitppc/bin/../lib/gcc/powerpc-eabi/4.6.1/crtbegin.o
 .rela.text.GX_SetCoPlanar
                0x00000000        0x0 e:/devkitpro/devkitppc/bin/../lib/gcc/powerpc-eabi/4.6.1/crtbegin.o
 .rela.text.GX_EnableTexOffsets
                0x00000000        0x0 e:/devkitpro/devkitppc/bin/../lib/gcc/powerpc-eabi/4.6.1/crtbegin.o
 .rela.text.GX_SetScissor
                0x00000000        0x0 e:/devkitpro/devkitppc/bin/../lib/gcc/powerpc-eabi/4.6.1/crtbegin.o
 .rela.text.GX_SetNumChans
                0x00000000        0x0 e:/devkitpro/devkitppc/bin/../lib/gcc/powerpc-eabi/4.6.1/crtbegin.o
 .rela.text.GX_SetTevOrder
                0x00000000        0x0 e:/devkitpro/devkitppc/bin/../lib/gcc/powerpc-eabi/4.6.1/crtbegin.o
 .rela.text.GX_SetNumTevStages
                0x00000000        0x0 e:/devkitpro/devkitppc/bin/../lib/gcc/powerpc-eabi/4.6.1/crtbegin.o
 .rela.text.GX_SetTevKColorSel
                0x00000000        0x0 e:/devkitpro/devkitppc/bin/../lib/gcc/powerpc-eabi/4.6.1/crtbegin.o
 .rela.text.GX_SetTevKAlphaSel
                0x00000000        0x0 e:/devkitpro/devkitppc/bin/../lib/gcc/powerpc-eabi/4.6.1/crtbegin.o
 .rela.text.GX_SetTevSwapMode
                0x00000000        0x0 e:/devkitpro/devkitppc/bin/../lib/gcc/powerpc-eabi/4.6.1/crtbegin.o
 .rela.text.GX_SetTevSwapModeTable
                0x00000000        0x0 e:/devkitpro/devkitppc/bin/../lib/gcc/powerpc-eabi/4.6.1/crtbegin.o
 .rela.text.GX_SetNumIndStages
                0x00000000        0x0 e:/devkitpro/devkitppc/bin/../lib/gcc/powerpc-eabi/4.6.1/crtbegin.o
 .rela.text.GX_SetIndTexCoordScale
                0x00000000        0x0 e:/devkitpro/devkitppc/bin/../lib/gcc/powerpc-eabi/4.6.1/crtbegin.o
 .rela.text.GX_SetColorUpdate
                0x00000000        0x0 e:/devkitpro/devkitppc/bin/../lib/gcc/powerpc-eabi/4.6.1/crtbegin.o
 .rela.text.GX_SetAlphaUpdate
                0x00000000        0x0 e:/devkitpro/devkitppc/bin/../lib/gcc/powerpc-eabi/4.6.1/crtbegin.o
 .rela.text.GX_SetZCompLoc
                0x00000000        0x0 e:/devkitpro/devkitppc/bin/../lib/gcc/powerpc-eabi/4.6.1/crtbegin.o
 .rela.text.GX_SetPixelFmt
                0x00000000        0x0 e:/devkitpro/devkitppc/bin/../lib/gcc/powerpc-eabi/4.6.1/crtbegin.o
 .rela.text.GX_SetDither
                0x00000000        0x0 e:/devkitpro/devkitppc/bin/../lib/gcc/powerpc-eabi/4.6.1/crtbegin.o
 .rela.text.GX_SetDstAlpha
                0x00000000        0x0 e:/devkitpro/devkitppc/bin/../lib/gcc/powerpc-eabi/4.6.1/crtbegin.o
 .rela.text.GX_SetFieldMode
                0x00000000        0x0 e:/devkitpro/devkitppc/bin/../lib/gcc/powerpc-eabi/4.6.1/crtbegin.o
 .rela.text.GX_SetIndTexOrder
                0x00000000        0x0 e:/devkitpro/devkitppc/bin/../lib/gcc/powerpc-eabi/4.6.1/crtbegin.o
 .rela.text.GX_SetGPMetric
                0x00000000        0x0 e:/devkitpro/devkitppc/bin/../lib/gcc/powerpc-eabi/4.6.1/crtbegin.o
 .rela.text.GX_Init
                0x00000000        0x0 e:/devkitpro/devkitppc/bin/../lib/gcc/powerpc-eabi/4.6.1/crtbegin.o
 .rela.text.GX_ReadGPMetric
                0x00000000        0x0 e:/devkitpro/devkitppc/bin/../lib/gcc/powerpc-eabi/4.6.1/crtbegin.o
 .rela.text.kprintf
                0x00000000        0x0 e:/devkitpro/devkitppc/bin/../lib/gcc/powerpc-eabi/4.6.1/crtbegin.o
 .rela.text.atangent
                0x00000000        0x0 e:/devkitpro/devkitppc/bin/../lib/gcc/powerpc-eabi/4.6.1/crtbegin.o
 .rela.text.calloc
                0x00000000        0x0 e:/devkitpro/devkitppc/bin/../lib/gcc/powerpc-eabi/4.6.1/crtbegin.o
 .rela.text.__errno
                0x00000000        0x0 e:/devkitpro/devkitppc/bin/../lib/gcc/powerpc-eabi/4.6.1/crtbegin.o
 .rela.text.exit
                0x00000000        0x0 e:/devkitpro/devkitppc/bin/../lib/gcc/powerpc-eabi/4.6.1/crtbegin.o
 .rela.text.fprintf
                0x00000000        0x0 e:/devkitpro/devkitppc/bin/../lib/gcc/powerpc-eabi/4.6.1/crtbegin.o
 .rela.text.fputs
                0x00000000        0x0 e:/devkitpro/devkitppc/bin/../lib/gcc/powerpc-eabi/4.6.1/crtbegin.o
 .rela.text._malloc_trim_r
                0x00000000        0x0 e:/devkitpro/devkitppc/bin/../lib/gcc/powerpc-eabi/4.6.1/crtbegin.o
 .rela.text._free_r
                0x00000000        0x0 e:/devkitpro/devkitppc/bin/../lib/gcc/powerpc-eabi/4.6.1/crtbegin.o
 .rela.text.setvbuf
                0x00000000        0x0 e:/devkitpro/devkitppc/bin/../lib/gcc/powerpc-eabi/4.6.1/crtbegin.o
 .rela.text._svfprintf_r
                0x00000000        0x0 e:/devkitpro/devkitppc/bin/../lib/gcc/powerpc-eabi/4.6.1/crtbegin.o
 .rela.text._vfprintf_r
                0x00000000        0x0 e:/devkitpro/devkitppc/bin/../lib/gcc/powerpc-eabi/4.6.1/crtbegin.o
 .rela.text._wcrtomb_r
                0x00000000        0x0 e:/devkitpro/devkitppc/bin/../lib/gcc/powerpc-eabi/4.6.1/crtbegin.o
 .rela.text.wcrtomb
                0x00000000        0x0 e:/devkitpro/devkitppc/bin/../lib/gcc/powerpc-eabi/4.6.1/crtbegin.o
 .rela.text.__call_exitprocs
                0x00000000        0x0 e:/devkitpro/devkitppc/bin/../lib/gcc/powerpc-eabi/4.6.1/crtbegin.o
 .rela.text._dtoa_r
                0x00000000        0x0 e:/devkitpro/devkitppc/bin/../lib/gcc/powerpc-eabi/4.6.1/crtbegin.o
 .rela.text._cleanup_r
                0x00000000        0x0 e:/devkitpro/devkitppc/bin/../lib/gcc/powerpc-eabi/4.6.1/crtbegin.o
 .rela.text.std.isra.0
                0x00000000        0x0 e:/devkitpro/devkitppc/bin/../lib/gcc/powerpc-eabi/4.6.1/crtbegin.o
 .rela.text.loadlocale
                0x00000000        0x0 e:/devkitpro/devkitppc/bin/../lib/gcc/powerpc-eabi/4.6.1/crtbegin.o
 .rela.text.__smakebuf_r
                0x00000000        0x0 e:/devkitpro/devkitppc/bin/../lib/gcc/powerpc-eabi/4.6.1/crtbegin.o
 .rela.text._findenv_r
                0x00000000        0x0 e:/devkitpro/devkitppc/bin/../lib/gcc/powerpc-eabi/4.6.1/crtbegin.o

.rel.fini
 *(.rel.fini)

.rela.fini
 *(.rela.fini)

.rel.rodata
 *(.rel.rodata .rel.rodata.* .rel.gnu.linkonce.r.*)

.rela.rodata
 *(.rela.rodata .rela.rodata.* .rela.gnu.linkonce.r.*)

.rel.data
 *(.rel.data .rel.data.* .rel.gnu.linkonce.d.*)

.rela.data
 *(.rela.data .rela.data.* .rela.gnu.linkonce.d.*)

.rel.tdata
 *(.rel.tdata .rel.tdata.* .rel.gnu.linkonce.td.*)

.rela.tdata
 *(.rela.tdata .rela.tdata.* .rela.gnu.linkonce.td.*)

.rel.tbss
 *(.rel.tbss .rel.tbss.* .rel.gnu.linkonce.tb.*)

.rela.tbss
 *(.rela.tbss .rela.tbss.* .rela.gnu.linkonce.tb.*)

.rel.ctors
 *(.rel.ctors)

.rela.ctors
 *(.rela.ctors)

.rel.dtors
 *(.rel.dtors)

.rela.dtors
 *(.rela.dtors)

.rel.got
 *(.rel.got)

.rela.got
 *(.rela.got)

.rela.got1
 *(.rela.got1)

.rela.got2      0x80004194        0x0
 *(.rela.got2)
 .rela.got2     0x00000000        0x0 e:/devkitpro/devkitppc/bin/../lib/gcc/powerpc-eabi/4.6.1/crtbegin.o

.rel.sdata
 *(.rel.sdata .rel.sdata.* .rel.gnu.linkonce.s.*)

.rela.sdata
 *(.rela.sdata .rela.sdata.* .rela.gnu.linkonce.s.*)

.rel.sbss
 *(.rel.sbss .rel.sbss.* .rel.gnu.linkonce.sb.*)

.rela.sbss
 *(.rela.sbss .rela.sbss.* .rel.gnu.linkonce.sb.*)

.rel.sdata2
 *(.rel.sdata2 .rel.sdata2.* .rel.gnu.linkonce.s2.*)

.rela.sdata2
 *(.rela.sdata2 .rela.sdata2.* .rela.gnu.linkonce.s2.*)

.rel.sbss2
 *(.rel.sbss2 .rel.sbss2.* .rel.gnu.linkonce.sb2.*)

.rela.sbss2
 *(.rela.sbss2 .rela.sbss2.* .rela.gnu.linkonce.sb2.*)

.rel.bss
 *(.rel.bss .rel.bss.* .rel.gnu.linkonce.b.*)

.rela.bss
 *(.rela.bss .rela.bss.* .rela.gnu.linkonce.b.*)

.rel.plt
 *(.rel.plt)

.rela.plt
 *(.rela.plt)

.text           0x800041a0    0x2d820
 *(.text)
 .text          0x800041a0      0x168 e:/devkitpro/devkitppc/bin/../lib/gcc/powerpc-eabi/4.6.1/crtbegin.o
 .text          0x80004308       0x44 e:/devkitpro/devkitppc/bin/../lib/gcc/powerpc-eabi/4.6.1/../../../../powerpc-eabi/lib/crtmain.o
                0x8000430c                __crtmain
 *fill*         0x8000434c       0x14 00000000
 .text          0x80004360      0x44c e:/devkitPro/libogc/lib/wii\libogc.a(lwp_handler.o)
                0x80004360                _cpu_context_save_fp
                0x800044a0                _cpu_context_restore_fp
                0x800045e0                _cpu_context_switch
                0x800046c0                _cpu_context_save
                0x80004740                _cpu_context_restore
 .text          0x800047ac      0x4a0 e:/devkitPro/libogc/lib/wii\libogc.a(system_asm.o)
                0x800047ac                __realmode
                0x800047c4                __configBATS
                0x800048f4                __InitFPRS
                0x80004a20                __InitPS
                0x80004a7c                __InitCache
                0x80004ad4                __InitSystem
                0x80004b5c                __flush_cache
                0x80004b90                __reset
                0x80004c00                __InitBATS
                0x80004c1c                SYS_SwitchFiber
 .text          0x80004c4c      0x1ac e:/devkitPro/libogc/lib/wii\libogc.a(irq_handler.o)
                0x80004c4c                irq_exceptionhandler
 .text          0x80004df8      0x4f4 e:/devkitPro/libogc/lib/wii\libogc.a(cache_asm.o)
                0x80004df8                DCFlashInvalidate
                0x80004e0c                DCEnable
                0x80004e20                DCDisable
                0x80004e34                DCFreeze
                0x80004e48                DCUnfreeze
                0x80004e5c                DCTouchLoad
                0x80004e64                DCBlockZero
                0x80004e6c                DCBlockStore
                0x80004e74                DCBlockFlush
                0x80004e7c                DCBlockInvalidate
                0x80004e84                DCInvalidateRange
                0x80004eb4                DCFlushRange
                0x80004ee8                DCStoreRange
                0x80004f1c                DCFlushRangeNoSync
                0x80004f4c                DCStoreRangeNoSync
                0x80004f7c                DCZeroRange
                0x80004fac                DCTouchRange
                0x80004fdc                ICInvalidateRange
                0x80005014                ICFlashInvalidate
                0x80005028                ICEnable
                0x8000503c                ICDisable
                0x80005050                ICFreeze
                0x80005064                ICUnfreeze
                0x80005078                ICBlockInvalidate
                0x80005080                ICSync
                0x80005088                L2Init
                0x800050d0                L2Enable
                0x800050ec                L2Disable
                0x80005104                L2GlobalInvalidate
                0x8000515c                __LCEnable
                0x80005228                LCDisable
                0x80005250                LCAllocOneTag
                0x80005264                LCAllocTags
                0x800052a4                LCLoadBlocks
                0x800052c8                LCStoreBlocks
 .text          0x800052ec      0x1ac e:/devkitPro/libogc/lib/wii\libogc.a(decrementer_handler.o)
                0x800052ec                dec_exceptionhandler
 .text          0x80005498      0x35c e:/devkitPro/libogc/lib/wii\libogc.a(exception_handler.o)
                0x80005498                exceptionhandler_start
                0x80005514                exceptionhandler_patch
                0x80005548                exceptionhandler_end
                0x8000554c                default_exceptionhandler
                0x8000567c                fpu_exceptionhandler
                0x800057c4                systemcallhandler_start
                0x800057f0                systemcallhandler_end
 .text          0x800057f4       0x40 e:/devkitpro/devkitppc/bin/../lib/gcc/powerpc-eabi/4.6.1\libgcc.a(_ashldi3.o)
                0x800057f4                __ashldi3
 .text          0x80005834      0x400 e:/devkitpro/devkitppc/bin/../lib/gcc/powerpc-eabi/4.6.1\libgcc.a(_udivdi3.o)
                0x80005834                __udivdi3
 .text          0x80005c34      0x3d4 e:/devkitpro/devkitppc/bin/../lib/gcc/powerpc-eabi/4.6.1\libgcc.a(_umoddi3.o)
                0x80005c34                __umoddi3
 .text          0x80006008       0x48 e:/devkitpro/devkitppc/bin/../lib/gcc/powerpc-eabi/4.6.1\libgcc.a(eabi.o)
                0x80006008                __eabi
 .text          0x80006050       0x4c e:/devkitpro/devkitppc/bin/../lib/gcc/powerpc-eabi/4.6.1\libgcc.a(crtsavfpr.o)
                0x80006050                _savefpr_14
                0x80006054                _savefpr_15
                0x80006058                _savefpr_16
                0x8000605c                _savefpr_17
                0x80006060                _savefpr_18
                0x80006064                _savefpr_19
                0x80006068                _savefpr_20
                0x8000606c                _savefpr_21
                0x80006070                _savefpr_22
                0x80006074                _savefpr_23
                0x80006078                _savefpr_24
                0x8000607c                _savefpr_25
                0x80006080                _savefpr_26
                0x80006084                _savefpr_27
                0x80006088                _savefpr_28
                0x8000608c                _savefpr_29
                0x80006090                _savefpr_30
                0x80006094                _savefpr_31
 .text          0x8000609c       0x4c e:/devkitpro/devkitppc/bin/../lib/gcc/powerpc-eabi/4.6.1\libgcc.a(crtsavgpr.o)
                0x8000609c                _savegpr_14
                0x800060a0                _savegpr_15
                0x800060a4                _savegpr_16
                0x800060a8                _savegpr_17
                0x800060ac                _savegpr_18
                0x800060b0                _savegpr_19
                0x800060b4                _savegpr_20
                0x800060b8                _savegpr_21
                0x800060bc                _savegpr_22
                0x800060c0                _savegpr_23
                0x800060c4                _savegpr_24
                0x800060c8                _savegpr_25
                0x800060cc                _savegpr_26
                0x800060d0                _savegpr_27
                0x800060d4                _savegpr_28
                0x800060d8                _savegpr_29
                0x800060dc                _savegpr_30
                0x800060e0                _savegpr_31
 .text          0x800060e8       0x4c e:/devkitpro/devkitppc/bin/../lib/gcc/powerpc-eabi/4.6.1\libgcc.a(crtresgpr.o)
                0x800060e8                _restgpr_14
                0x800060ec                _restgpr_15
                0x800060f0                _restgpr_16
                0x800060f4                _restgpr_17
                0x800060f8                _restgpr_18
                0x800060fc                _restgpr_19
                0x80006100                _restgpr_20
                0x80006104                _restgpr_21
                0x80006108                _restgpr_22
                0x8000610c                _restgpr_23
                0x80006110                _restgpr_24
                0x80006114                _restgpr_25
                0x80006118                _restgpr_26
                0x8000611c                _restgpr_27
                0x80006120                _restgpr_28
                0x80006124                _restgpr_29
                0x80006128                _restgpr_30
                0x8000612c                _restgpr_31
 .text          0x80006134       0x58 e:/devkitpro/devkitppc/bin/../lib/gcc/powerpc-eabi/4.6.1\libgcc.a(crtresxfpr.o)
                0x80006134                _restfpr_14_x
                0x80006138                _restfpr_15_x
                0x8000613c                _restfpr_16_x
                0x80006140                _restfpr_17_x
                0x80006144                _restfpr_18_x
                0x80006148                _restfpr_19_x
                0x8000614c                _restfpr_20_x
                0x80006150                _restfpr_21_x
                0x80006154                _restfpr_22_x
                0x80006158                _restfpr_23_x
                0x8000615c                _restfpr_24_x
                0x80006160                _restfpr_25_x
                0x80006164                _restfpr_26_x
                0x80006168                _restfpr_27_x
                0x8000616c                _restfpr_28_x
                0x80006170                _restfpr_29_x
                0x80006174                _restfpr_30_x
                0x80006178                _restfpr_31_x
 .text          0x8000618c       0x58 e:/devkitpro/devkitppc/bin/../lib/gcc/powerpc-eabi/4.6.1\libgcc.a(crtresxgpr.o)
                0x8000618c                _restgpr_14_x
                0x80006190                _restgpr_15_x
                0x80006194                _restgpr_16_x
                0x80006198                _restgpr_17_x
                0x8000619c                _restgpr_18_x
                0x800061a0                _restgpr_19_x
                0x800061a4                _restgpr_20_x
                0x800061a8                _restgpr_21_x
                0x800061ac                _restgpr_22_x
                0x800061b0                _restgpr_23_x
                0x800061b4                _restgpr_24_x
                0x800061b8                _restgpr_25_x
                0x800061bc                _restgpr_26_x
                0x800061c0                _restgpr_27_x
                0x800061c4                _restgpr_28_x
                0x800061c8                _restgpr_29_x
                0x800061cc                _restgpr_30_x
                0x800061d0                _restgpr_31_x
 .text          0x800061e4       0x28 e:/devkitpro/devkitppc/bin/../lib/gcc/powerpc-eabi/4.6.1/../../../../powerpc-eabi/lib\libsysbase.a(abort.o)
                0x800061e4                abort
 .text          0x8000620c      0x2ec e:/devkitpro/devkitppc/bin/../lib/gcc/powerpc-eabi/4.6.1/../../../../powerpc-eabi/lib\libsysbase.a(iosupport.o)
                0x8000620c                setDefaultDevice
                0x80006224                FindDevice
                0x80006348                RemoveDevice
                0x80006398                AddDevice
                0x800064b4                GetDeviceOpTab
 .text          0x800064f8       0x28 e:/devkitpro/devkitppc/bin/../lib/gcc/powerpc-eabi/4.6.1/../../../../powerpc-eabi/lib\libsysbase.a(_exit.o)
                0x800064f8                _exit
 .text          0x80006520       0x90 e:/devkitpro/devkitppc/bin/../lib/gcc/powerpc-eabi/4.6.1/../../../../powerpc-eabi/lib\libsysbase.a(build_argv.o)
                0x80006520                build_argv
 .text          0x800065b0      0x168 e:/devkitpro/devkitppc/bin/../lib/gcc/powerpc-eabi/4.6.1/../../../../powerpc-eabi/lib\libsysbase.a(syscall_support.o)
                0x800065b0                __libc_lock_init
                0x800065f0                __libc_lock_close
                0x80006630                __libc_lock_release
                0x80006670                __libc_lock_acquire
                0x800066b0                __malloc_lock
                0x800066e4                __malloc_unlock
 .text          0x80006718       0x98 e:/devkitpro/devkitppc/bin/../lib/gcc/powerpc-eabi/4.6.1/../../../../powerpc-eabi/lib\libsysbase.a(close.o)
                0x80006718                _close_r
 .text          0x800067b0       0xc8 e:/devkitpro/devkitppc/bin/../lib/gcc/powerpc-eabi/4.6.1/../../../../powerpc-eabi/lib\libsysbase.a(fstat.o)
                0x800067b0                _fstat_r
 .text          0x80006878        0x8 e:/devkitpro/devkitppc/bin/../lib/gcc/powerpc-eabi/4.6.1/../../../../powerpc-eabi/lib\libsysbase.a(isatty.o)
                0x80006878                _isatty_r
 .text          0x80006880       0xcc e:/devkitpro/devkitppc/bin/../lib/gcc/powerpc-eabi/4.6.1/../../../../powerpc-eabi/lib\libsysbase.a(lseek.o)
                0x80006880                _lseek_r
 .text          0x8000694c       0xac e:/devkitpro/devkitppc/bin/../lib/gcc/powerpc-eabi/4.6.1/../../../../powerpc-eabi/lib\libsysbase.a(read.o)
                0x8000694c                _read_r
 .text          0x800069f8       0x50 e:/devkitpro/devkitppc/bin/../lib/gcc/powerpc-eabi/4.6.1/../../../../powerpc-eabi/lib\libsysbase.a(sbrk.o)
                0x800069f8                _sbrk_r
 .text          0x80006a48       0xac e:/devkitpro/devkitppc/bin/../lib/gcc/powerpc-eabi/4.6.1/../../../../powerpc-eabi/lib\libsysbase.a(write.o)
                0x80006a48                _write_r
 .text          0x80006af4       0x6c e:/devkitpro/devkitppc/bin/../lib/gcc/powerpc-eabi/4.6.1/../../../../powerpc-eabi/lib\libsysbase.a(flock.o)
                0x80006af4                __flockfile
                0x80006b3c                __funlockfile
 .text          0x80006b60      0x174 e:/devkitpro/devkitppc/bin/../lib/gcc/powerpc-eabi/4.6.1/../../../../powerpc-eabi/lib\libsysbase.a(handle_manager.o)
                0x80006b60                __release_handle
                0x80006bbc                __alloc_handle
                0x80006cb0                __get_handle
 .text          0x80006cd4       0x6c e:/devkitpro/devkitppc/bin/../lib/gcc/powerpc-eabi/4.6.1/crtend.o
 *(.text.*)
 .text.startup.main
                0x80006d40       0xdc template.o
                0x80006d40                main
 .text.__wpad_assign_slot
                0x80006e1c      0x220 e:/devkitPro/libogc/lib/wii\libwiiuse.a(wpad.o)
                0x80006e1c                __wpad_assign_slot
 .text.__wpad_def_powcb
                0x8000703c       0x20 e:/devkitPro/libogc/lib/wii\libwiiuse.a(wpad.o)
 .text.__wpad_setfmt
                0x8000705c       0xf0 e:/devkitPro/libogc/lib/wii\libwiiuse.a(wpad.o)
 .text.__readlinkkey_finished
                0x8000714c       0x30 e:/devkitPro/libogc/lib/wii\libwiiuse.a(wpad.o)
 .text.__wpad_patch_finished
                0x8000717c       0x2c e:/devkitPro/libogc/lib/wii\libwiiuse.a(wpad.o)
 .text.__wpad_eventCB
                0x800071a8      0x958 e:/devkitPro/libogc/lib/wii\libwiiuse.a(wpad.o)
 .text.__wpad_disconnectCB
                0x80007b00       0xe8 e:/devkitPro/libogc/lib/wii\libwiiuse.a(wpad.o)
                0x80007b00                __wpad_disconnectCB
 .text.__wpad_timeouthandler
                0x80007be8       0x98 e:/devkitPro/libogc/lib/wii\libwiiuse.a(wpad.o)
 .text.__initcore_finished
                0x80007c80       0x40 e:/devkitPro/libogc/lib/wii\libwiiuse.a(wpad.o)
 .text.__wpad_init_finished
                0x80007cc0      0x134 e:/devkitPro/libogc/lib/wii\libwiiuse.a(wpad.o)
 .text.WPAD_ReadEvent
                0x80007df4      0x580 e:/devkitPro/libogc/lib/wii\libwiiuse.a(wpad.o)
                0x80007df4                WPAD_ReadEvent
 .text.WPAD_ReadPending
                0x80008374      0x10c e:/devkitPro/libogc/lib/wii\libwiiuse.a(wpad.o)
                0x80008374                WPAD_ReadPending
 .text.WPAD_Shutdown
                0x80008480       0xdc e:/devkitPro/libogc/lib/wii\libwiiuse.a(wpad.o)
                0x80008480                WPAD_Shutdown
 .text.WPAD_Init
                0x8000855c      0x240 e:/devkitPro/libogc/lib/wii\libwiiuse.a(wpad.o)
                0x8000855c                WPAD_Init
 .text.__wpad_onreset
                0x8000879c       0x2c e:/devkitPro/libogc/lib/wii\libwiiuse.a(wpad.o)
 .text.WPAD_ScanPads
                0x800087c8        0xc e:/devkitPro/libogc/lib/wii\libwiiuse.a(wpad.o)
                0x800087c8                WPAD_ScanPads
 .text.WPAD_ButtonsDown
                0x800087d4       0x28 e:/devkitPro/libogc/lib/wii\libwiiuse.a(wpad.o)
                0x800087d4                WPAD_ButtonsDown
 .text.motion_plus_disconnected
                0x800087fc       0x10 e:/devkitPro/libogc/lib/wii\libwiiuse.a(motion_plus.o)
                0x800087fc                motion_plus_disconnected
 .text.motion_plus_event
                0x8000880c       0x64 e:/devkitPro/libogc/lib/wii\libwiiuse.a(motion_plus.o)
                0x8000880c                motion_plus_event
 .text.calculate_gforce
                0x80008870      0x114 e:/devkitPro/libogc/lib/wii\libwiiuse.a(dynamics.o)
                0x80008870                calculate_gforce
 .text.calc_joystick_state
                0x80008984      0x21c e:/devkitPro/libogc/lib/wii\libwiiuse.a(dynamics.o)
                0x80008984                calc_joystick_state
 .text.apply_smoothing
                0x80008ba0      0x148 e:/devkitPro/libogc/lib/wii\libwiiuse.a(dynamics.o)
                0x80008ba0                apply_smoothing
 .text.calculate_orientation
                0x80008ce8      0x29c e:/devkitPro/libogc/lib/wii\libwiiuse.a(dynamics.o)
                0x80008ce8                calculate_orientation
 .text.calc_balanceboard_state
                0x80008f84      0x36c e:/devkitPro/libogc/lib/wii\libwiiuse.a(dynamics.o)
                0x80008f84                calc_balanceboard_state
 .text.wiiuse_handshake_expansion
                0x800092f0      0x1d4 e:/devkitPro/libogc/lib/wii\libwiiuse.a(io.o)
                0x800092f0                wiiuse_handshake_expansion
 .text.wiiuse_handshake
                0x800094c4      0x150 e:/devkitPro/libogc/lib/wii\libwiiuse.a(io.o)
                0x800094c4                wiiuse_handshake
 .text.wiiuse_handshake_expansion_start
                0x80009614       0x24 e:/devkitPro/libogc/lib/wii\libwiiuse.a(io.o)
                0x80009614                wiiuse_handshake_expansion_start
 .text.wiiuse_disable_expansion
                0x80009638       0xc0 e:/devkitPro/libogc/lib/wii\libwiiuse.a(io.o)
                0x80009638                wiiuse_disable_expansion
 .text.__wiiuse_disconnected
                0x800096f8       0x90 e:/devkitPro/libogc/lib/wii\libwiiuse.a(io_wii.o)
 .text.__wiiuse_sent
                0x80009788       0x94 e:/devkitPro/libogc/lib/wii\libwiiuse.a(io_wii.o)
 .text.__wiiuse_receive
                0x8000981c       0x8c e:/devkitPro/libogc/lib/wii\libwiiuse.a(io_wii.o)
 .text.__wiiuse_connected
                0x800098a8       0x7c e:/devkitPro/libogc/lib/wii\libwiiuse.a(io_wii.o)
 .text.__wiiuse_sensorbar_enable
                0x80009924       0x48 e:/devkitPro/libogc/lib/wii\libwiiuse.a(io_wii.o)
                0x80009924                __wiiuse_sensorbar_enable
 .text.wiiuse_register
                0x8000996c       0xa4 e:/devkitPro/libogc/lib/wii\libwiiuse.a(io_wii.o)
                0x8000996c                wiiuse_register
 .text.wiiuse_disconnect
                0x80009a10       0x40 e:/devkitPro/libogc/lib/wii\libwiiuse.a(io_wii.o)
                0x80009a10                wiiuse_disconnect
 .text.wiiuse_init_cmd_queue
                0x80009a50       0x84 e:/devkitPro/libogc/lib/wii\libwiiuse.a(io_wii.o)
                0x80009a50                wiiuse_init_cmd_queue
 .text.wiiuse_io_write
                0x80009ad4       0x40 e:/devkitPro/libogc/lib/wii\libwiiuse.a(io_wii.o)
                0x80009ad4                wiiuse_io_write
 .text.get_ir_sens.isra.0
                0x80009b14       0xe8 e:/devkitPro/libogc/lib/wii\libwiiuse.a(ir.o)
 .text.rotate_dots
                0x80009bfc      0x110 e:/devkitPro/libogc/lib/wii\libwiiuse.a(ir.o)
 .text.wiiuse_set_ir_mode
                0x80009d0c       0x60 e:/devkitPro/libogc/lib/wii\libwiiuse.a(ir.o)
                0x80009d0c                wiiuse_set_ir_mode
 .text.wiiuse_set_ir
                0x80009d6c      0x190 e:/devkitPro/libogc/lib/wii\libwiiuse.a(ir.o)
                0x80009d6c                wiiuse_set_ir
 .text.wiiuse_set_ir_position
                0x80009efc       0x78 e:/devkitPro/libogc/lib/wii\libwiiuse.a(ir.o)
                0x80009efc                wiiuse_set_ir_position
 .text.wiiuse_set_aspect_ratio
                0x80009f74       0x3c e:/devkitPro/libogc/lib/wii\libwiiuse.a(ir.o)
                0x80009f74                wiiuse_set_aspect_ratio
 .text.wiiuse_set_ir_sensitivity
                0x80009fb0       0xf8 e:/devkitPro/libogc/lib/wii\libwiiuse.a(ir.o)
                0x80009fb0                wiiuse_set_ir_sensitivity
 .text.calculate_basic_ir
                0x8000a0a8       0xfc e:/devkitPro/libogc/lib/wii\libwiiuse.a(ir.o)
                0x8000a0a8                calculate_basic_ir
 .text.calculate_extended_ir
                0x8000a1a4       0x7c e:/devkitPro/libogc/lib/wii\libwiiuse.a(ir.o)
                0x8000a1a4                calculate_extended_ir
 .text.find_sensorbar
                0x8000a220      0x7fc e:/devkitPro/libogc/lib/wii\libwiiuse.a(ir.o)
                0x8000a220                find_sensorbar
 .text.apply_ir_smoothing
                0x8000aa1c       0xd4 e:/devkitPro/libogc/lib/wii\libwiiuse.a(ir.o)
                0x8000aa1c                apply_ir_smoothing
 .text.calc_yaw
                0x8000aaf0       0x54 e:/devkitPro/libogc/lib/wii\libwiiuse.a(ir.o)
                0x8000aaf0                calc_yaw
 .text.interpret_ir_data
                0x8000ab44      0x370 e:/devkitPro/libogc/lib/wii\libwiiuse.a(ir.o)
                0x8000ab44                interpret_ir_data
 .text.nunchuk_handshake
                0x8000aeb4      0x228 e:/devkitPro/libogc/lib/wii\libwiiuse.a(nunchuk.o)
                0x8000aeb4                nunchuk_handshake
 .text.nunchuk_disconnected
                0x8000b0dc       0x28 e:/devkitPro/libogc/lib/wii\libwiiuse.a(nunchuk.o)
                0x8000b0dc                nunchuk_disconnected
 .text.nunchuk_event
                0x8000b104       0xe4 e:/devkitPro/libogc/lib/wii\libwiiuse.a(nunchuk.o)
                0x8000b104                nunchuk_event
 .text.wii_board_handshake
                0x8000b1e8      0x170 e:/devkitPro/libogc/lib/wii\libwiiuse.a(wiiboard.o)
                0x8000b1e8                wii_board_handshake
 .text.wii_board_disconnected
                0x8000b358       0x28 e:/devkitPro/libogc/lib/wii\libwiiuse.a(wiiboard.o)
                0x8000b358                wii_board_disconnected
 .text.wii_board_event
                0x8000b380       0x54 e:/devkitPro/libogc/lib/wii\libwiiuse.a(wiiboard.o)
                0x8000b380                wii_board_event
 .text.wiiuse_send_next_command
                0x8000b3d4       0x6c e:/devkitPro/libogc/lib/wii\libwiiuse.a(wiiuse.o)
                0x8000b3d4                wiiuse_send_next_command
 .text.__wiiuse_push_command
                0x8000b440       0x94 e:/devkitPro/libogc/lib/wii\libwiiuse.a(wiiuse.o)
 .text.wiiuse_init
                0x8000b4d4      0x154 e:/devkitPro/libogc/lib/wii\libwiiuse.a(wiiuse.o)
                0x8000b4d4                wiiuse_init
 .text.wiiuse_set_flags
                0x8000b628       0x24 e:/devkitPro/libogc/lib/wii\libwiiuse.a(wiiuse.o)
                0x8000b628                wiiuse_set_flags
 .text.wiiuse_read_data
                0x8000b64c       0x94 e:/devkitPro/libogc/lib/wii\libwiiuse.a(wiiuse.o)
                0x8000b64c                wiiuse_read_data
 .text.wiiuse_write_data
                0x8000b6e0       0xc0 e:/devkitPro/libogc/lib/wii\libwiiuse.a(wiiuse.o)
                0x8000b6e0                wiiuse_write_data
 .text.wiiuse_sendcmd
                0x8000b7a0       0x74 e:/devkitPro/libogc/lib/wii\libwiiuse.a(wiiuse.o)
                0x8000b7a0                wiiuse_sendcmd
 .text.wiiuse_status
                0x8000b814       0x4c e:/devkitPro/libogc/lib/wii\libwiiuse.a(wiiuse.o)
                0x8000b814                wiiuse_status
 .text.wiiuse_motion_sensing
                0x8000b860       0x3c e:/devkitPro/libogc/lib/wii\libwiiuse.a(wiiuse.o)
                0x8000b860                wiiuse_motion_sensing
 .text.wiiuse_set_report_type
                0x8000b89c       0xd0 e:/devkitPro/libogc/lib/wii\libwiiuse.a(wiiuse.o)
                0x8000b89c                wiiuse_set_report_type
 .text.wiiuse_set_leds
                0x8000b96c       0x50 e:/devkitPro/libogc/lib/wii\libwiiuse.a(wiiuse.o)
                0x8000b96c                wiiuse_set_leds
 .text.wiiuse_set_speaker
                0x8000b9bc      0x1e4 e:/devkitPro/libogc/lib/wii\libwiiuse.a(speaker.o)
                0x8000b9bc                wiiuse_set_speaker
 .text.classic_ctrl_handshake
                0x8000bba0      0x188 e:/devkitPro/libogc/lib/wii\libwiiuse.a(classic.o)
                0x8000bba0                classic_ctrl_handshake
 .text.classic_ctrl_disconnected
                0x8000bd28       0x28 e:/devkitPro/libogc/lib/wii\libwiiuse.a(classic.o)
                0x8000bd28                classic_ctrl_disconnected
 .text.classic_ctrl_event
                0x8000bd50       0xa4 e:/devkitPro/libogc/lib/wii\libwiiuse.a(classic.o)
                0x8000bd50                classic_ctrl_event
 .text.handle_expansion
                0x8000bdf4       0x70 e:/devkitPro/libogc/lib/wii\libwiiuse.a(events.o)
 .text.wiiuse_pressed_buttons
                0x8000be64       0x2c e:/devkitPro/libogc/lib/wii\libwiiuse.a(events.o)
                0x8000be64                wiiuse_pressed_buttons
 .text.parse_event
                0x8000be90      0x4e4 e:/devkitPro/libogc/lib/wii\libwiiuse.a(events.o)
                0x8000be90                parse_event
 .text.guitar_hero_3_handshake
                0x8000c374       0x68 e:/devkitPro/libogc/lib/wii\libwiiuse.a(guitar_hero_3.o)
                0x8000c374                guitar_hero_3_handshake
 .text.guitar_hero_3_disconnected
                0x8000c3dc       0x28 e:/devkitPro/libogc/lib/wii\libwiiuse.a(guitar_hero_3.o)
                0x8000c3dc                guitar_hero_3_disconnected
 .text.guitar_hero_3_event
                0x8000c404       0x68 e:/devkitPro/libogc/lib/wii\libwiiuse.a(guitar_hero_3.o)
                0x8000c404                guitar_hero_3_event
 .text.acl_wlp_completed
                0x8000c46c        0x8 e:/devkitPro/libogc/lib/wii\libbte.a(bte.o)
                0x8000c46c                acl_wlp_completed
 .text.__bte_cmdfinish
                0x8000c474       0x9c e:/devkitPro/libogc/lib/wii\libbte.a(bte.o)
 .text.bte_hci_initsub_complete
                0x8000c510      0x12c e:/devkitPro/libogc/lib/wii\libbte.a(bte.o)
                0x8000c510                bte_hci_initsub_complete
 .text.bte_hci_initcore_complete2
                0x8000c63c       0xf0 e:/devkitPro/libogc/lib/wii\libbte.a(bte.o)
                0x8000c63c                bte_hci_initcore_complete2
 .text.bte_hci_patch_complete
                0x8000c72c      0x1b0 e:/devkitPro/libogc/lib/wii\libbte.a(bte.o)
                0x8000c72c                bte_hci_patch_complete
 .text.bte_hci_apply_patch_complete
                0x8000c8dc       0xa8 e:/devkitPro/libogc/lib/wii\libbte.a(bte.o)
                0x8000c8dc                bte_hci_apply_patch_complete
 .text.bte_hci_initcore_complete
                0x8000c984      0x158 e:/devkitPro/libogc/lib/wii\libbte.a(bte.o)
                0x8000c984                bte_hci_initcore_complete
 .text.__bte_close_ctrl_queue
                0x8000cadc       0x80 e:/devkitPro/libogc/lib/wii\libbte.a(bte.o)
 .text.__bte_send_pending_request
                0x8000cb5c       0xb8 e:/devkitPro/libogc/lib/wii\libbte.a(bte.o)
 .text.__bte_send_request
                0x8000cc14       0x9c e:/devkitPro/libogc/lib/wii\libbte.a(bte.o)
 .text.l2cap_disconnect_cfm
                0x8000ccb0       0xe0 e:/devkitPro/libogc/lib/wii\libbte.a(bte.o)
                0x8000ccb0                l2cap_disconnect_cfm
 .text.acl_conn_complete
                0x8000cd90       0x2c e:/devkitPro/libogc/lib/wii\libbte.a(bte.o)
                0x8000cd90                acl_conn_complete
 .text.__bte_shutdown_finished
                0x8000cdbc       0x5c e:/devkitPro/libogc/lib/wii\libbte.a(bte.o)
 .text.bt_alarmhandler
                0x8000ce18       0x60 e:/devkitPro/libogc/lib/wii\libbte.a(bte.o)
 .text.bte_read_stored_link_key_complete
                0x8000ce78      0x108 e:/devkitPro/libogc/lib/wii\libbte.a(bte.o)
                0x8000ce78                bte_read_stored_link_key_complete
 .text.l2cap_accepted
                0x8000cf80       0xd8 e:/devkitPro/libogc/lib/wii\libbte.a(bte.o)
                0x8000cf80                l2cap_accepted
 .text.l2cap_disconnected_ind
                0x8000d058       0xb8 e:/devkitPro/libogc/lib/wii\libbte.a(bte.o)
                0x8000d058                l2cap_disconnected_ind
 .text.bte_process_input
                0x8000d110       0xf4 e:/devkitPro/libogc/lib/wii\libbte.a(bte.o)
 .text.__bte_waitcmdfinish.constprop.6
                0x8000d204       0x78 e:/devkitPro/libogc/lib/wii\libbte.a(bte.o)
 .text.BTE_Init
                0x8000d27c      0x108 e:/devkitPro/libogc/lib/wii\libbte.a(bte.o)
                0x8000d27c                BTE_Init
 .text.BTE_Shutdown
                0x8000d384       0x94 e:/devkitPro/libogc/lib/wii\libbte.a(bte.o)
                0x8000d384                BTE_Shutdown
 .text.BTE_InitCore
                0x8000d418       0x7c e:/devkitPro/libogc/lib/wii\libbte.a(bte.o)
                0x8000d418                BTE_InitCore
 .text.BTE_ApplyPatch
                0x8000d494       0x98 e:/devkitPro/libogc/lib/wii\libbte.a(bte.o)
                0x8000d494                BTE_ApplyPatch
 .text.BTE_InitSub
                0x8000d52c       0x80 e:/devkitPro/libogc/lib/wii\libbte.a(bte.o)
                0x8000d52c                BTE_InitSub
 .text.BTE_ReadStoredLinkKey
                0x8000d5ac       0x80 e:/devkitPro/libogc/lib/wii\libbte.a(bte.o)
                0x8000d5ac                BTE_ReadStoredLinkKey
 .text.BTE_SetDisconnectCallback
                0x8000d62c       0x20 e:/devkitPro/libogc/lib/wii\libbte.a(bte.o)
                0x8000d62c                BTE_SetDisconnectCallback
 .text.bte_new  0x8000d64c       0x4c e:/devkitPro/libogc/lib/wii\libbte.a(bte.o)
                0x8000d64c                bte_new
 .text.bte_registerdeviceasync
                0x8000d698      0x124 e:/devkitPro/libogc/lib/wii\libbte.a(bte.o)
                0x8000d698                bte_registerdeviceasync
 .text.bte_disconnect
                0x8000d7bc       0x9c e:/devkitPro/libogc/lib/wii\libbte.a(bte.o)
                0x8000d7bc                bte_disconnect
 .text.bte_sendmessageasync
                0x8000d858       0xe0 e:/devkitPro/libogc/lib/wii\libbte.a(bte.o)
                0x8000d858                bte_sendmessageasync
 .text.bte_arg  0x8000d938       0x3c e:/devkitPro/libogc/lib/wii\libbte.a(bte.o)
                0x8000d938                bte_arg
 .text.bte_received
                0x8000d974       0x3c e:/devkitPro/libogc/lib/wii\libbte.a(bte.o)
                0x8000d974                bte_received
 .text.bte_disconnected
                0x8000d9b0       0x3c e:/devkitPro/libogc/lib/wii\libbte.a(bte.o)
                0x8000d9b0                bte_disconnected
 .text.hci_init
                0x8000d9ec       0x78 e:/devkitPro/libogc/lib/wii\libbte.a(hci.o)
                0x8000d9ec                hci_init
 .text.hci_new  0x8000da64       0x3c e:/devkitPro/libogc/lib/wii\libbte.a(hci.o)
                0x8000da64                hci_new
 .text.hci_get_link
                0x8000daa0       0x7c e:/devkitPro/libogc/lib/wii\libbte.a(hci.o)
                0x8000daa0                hci_get_link
 .text.hci_close
                0x8000db1c       0xcc e:/devkitPro/libogc/lib/wii\libbte.a(hci.o)
                0x8000db1c                hci_close
 .text.hci_reset_all
                0x8000dbe8       0x9c e:/devkitPro/libogc/lib/wii\libbte.a(hci.o)
                0x8000dbe8                hci_reset_all
 .text.hci_arg  0x8000dc84        0xc e:/devkitPro/libogc/lib/wii\libbte.a(hci.o)
                0x8000dc84                hci_arg
 .text.hci_cmd_complete
                0x8000dc90        0xc e:/devkitPro/libogc/lib/wii\libbte.a(hci.o)
                0x8000dc90                hci_cmd_complete
 .text.hci_connection_complete
                0x8000dc9c        0xc e:/devkitPro/libogc/lib/wii\libbte.a(hci.o)
                0x8000dc9c                hci_connection_complete
 .text.hci_wlp_complete
                0x8000dca8        0xc e:/devkitPro/libogc/lib/wii\libbte.a(hci.o)
                0x8000dca8                hci_wlp_complete
 .text.hci_cmd_ass
                0x8000dcb4       0x48 e:/devkitPro/libogc/lib/wii\libbte.a(hci.o)
                0x8000dcb4                hci_cmd_ass
 .text.hci_reset
                0x8000dcfc       0x64 e:/devkitPro/libogc/lib/wii\libbte.a(hci.o)
                0x8000dcfc                hci_reset
 .text.hci_read_buffer_size
                0x8000dd60       0x64 e:/devkitPro/libogc/lib/wii\libbte.a(hci.o)
                0x8000dd60                hci_read_buffer_size
 .text.hci_read_bd_addr
                0x8000ddc4       0x64 e:/devkitPro/libogc/lib/wii\libbte.a(hci.o)
                0x8000ddc4                hci_read_bd_addr
 .text.hci_read_local_version
                0x8000de28       0x64 e:/devkitPro/libogc/lib/wii\libbte.a(hci.o)
                0x8000de28                hci_read_local_version
 .text.hci_read_local_features
                0x8000de8c       0x64 e:/devkitPro/libogc/lib/wii\libbte.a(hci.o)
                0x8000de8c                hci_read_local_features
 .text.hci_read_stored_link_key
                0x8000def0       0xac e:/devkitPro/libogc/lib/wii\libbte.a(hci.o)
                0x8000def0                hci_read_stored_link_key
 .text.hci_write_page_timeout
                0x8000df9c       0x7c e:/devkitPro/libogc/lib/wii\libbte.a(hci.o)
                0x8000df9c                hci_write_page_timeout
 .text.hci_write_scan_enable
                0x8000e018       0x6c e:/devkitPro/libogc/lib/wii\libbte.a(hci.o)
                0x8000e018                hci_write_scan_enable
 .text.hci_accecpt_conn_request
                0x8000e084       0x80 e:/devkitPro/libogc/lib/wii\libbte.a(hci.o)
                0x8000e084                hci_accecpt_conn_request
 .text.hci_write_local_name
                0x8000e104       0x80 e:/devkitPro/libogc/lib/wii\libbte.a(hci.o)
                0x8000e104                hci_write_local_name
 .text.hci_write_pin_type
                0x8000e184       0x6c e:/devkitPro/libogc/lib/wii\libbte.a(hci.o)
                0x8000e184                hci_write_pin_type
 .text.hci_write_inquiry_mode
                0x8000e1f0       0x6c e:/devkitPro/libogc/lib/wii\libbte.a(hci.o)
                0x8000e1f0                hci_write_inquiry_mode
 .text.hci_write_page_scan_type
                0x8000e25c       0x6c e:/devkitPro/libogc/lib/wii\libbte.a(hci.o)
                0x8000e25c                hci_write_page_scan_type
 .text.hci_write_inquiry_scan_type
                0x8000e2c8       0x6c e:/devkitPro/libogc/lib/wii\libbte.a(hci.o)
                0x8000e2c8                hci_write_inquiry_scan_type
 .text.hci_vendor_specific_command
                0x8000e334       0x8c e:/devkitPro/libogc/lib/wii\libbte.a(hci.o)
                0x8000e334                hci_vendor_specific_command
 .text.hci_write_link_policy_settings
                0x8000e3c0       0xa0 e:/devkitPro/libogc/lib/wii\libbte.a(hci.o)
                0x8000e3c0                hci_write_link_policy_settings
 .text.hci_pin_code_request_neg_reply
                0x8000e460       0x74 e:/devkitPro/libogc/lib/wii\libbte.a(hci.o)
                0x8000e460                hci_pin_code_request_neg_reply
 .text.hci_disconnect
                0x8000e4d4       0x98 e:/devkitPro/libogc/lib/wii\libbte.a(hci.o)
                0x8000e4d4                hci_disconnect
 .text.hci_write_cod
                0x8000e56c       0x78 e:/devkitPro/libogc/lib/wii\libbte.a(hci.o)
                0x8000e56c                hci_write_cod
 .text.hci_host_buffer_size
                0x8000e5e4       0xb4 e:/devkitPro/libogc/lib/wii\libbte.a(hci.o)
                0x8000e5e4                hci_host_buffer_size
 .text.hci_host_num_comp_packets
                0x8000e698       0xac e:/devkitPro/libogc/lib/wii\libbte.a(hci.o)
                0x8000e698                hci_host_num_comp_packets
 .text.lp_pdu_maxsize
                0x8000e744        0xc e:/devkitPro/libogc/lib/wii\libbte.a(hci.o)
                0x8000e744                lp_pdu_maxsize
 .text.lp_acl_write
                0x8000e750      0x114 e:/devkitPro/libogc/lib/wii\libbte.a(hci.o)
                0x8000e750                lp_acl_write
 .text.lp_write_flush_timeout
                0x8000e864       0xa0 e:/devkitPro/libogc/lib/wii\libbte.a(hci.o)
                0x8000e864                lp_write_flush_timeout
 .text.hci_event_handler
                0x8000e904      0xa6c e:/devkitPro/libogc/lib/wii\libbte.a(hci.o)
                0x8000e904                hci_event_handler
 .text.hci_acldata_handler
                0x8000f370       0xdc e:/devkitPro/libogc/lib/wii\libbte.a(hci.o)
                0x8000f370                hci_acldata_handler
 .text.l2cap_cid_alloc
                0x8000f44c       0x4c e:/devkitPro/libogc/lib/wii\libbte.a(l2cap.o)
 .text.l2cap_init
                0x8000f498       0x60 e:/devkitPro/libogc/lib/wii\libbte.a(l2cap.o)
                0x8000f498                l2cap_init
 .text.l2cap_write
                0x8000f4f8       0xe0 e:/devkitPro/libogc/lib/wii\libbte.a(l2cap.o)
                0x8000f4f8                l2cap_write
 .text.l2cap_new
                0x8000f5d8       0x6c e:/devkitPro/libogc/lib/wii\libbte.a(l2cap.o)
                0x8000f5d8                l2cap_new
 .text.l2cap_close
                0x8000f644      0x15c e:/devkitPro/libogc/lib/wii\libbte.a(l2cap.o)
                0x8000f644                l2cap_close
 .text.l2cap_reset_all
                0x8000f7a0      0x104 e:/devkitPro/libogc/lib/wii\libbte.a(l2cap.o)
                0x8000f7a0                l2cap_reset_all
 .text.l2cap_rexmit_signal
                0x8000f8a4       0x10 e:/devkitPro/libogc/lib/wii\libbte.a(l2cap.o)
                0x8000f8a4                l2cap_rexmit_signal
 .text.l2ca_datawrite
                0x8000f8b4       0xe8 e:/devkitPro/libogc/lib/wii\libbte.a(l2cap.o)
                0x8000f8b4                l2ca_datawrite
 .text.lp_connect_ind
                0x8000f99c        0x4 e:/devkitPro/libogc/lib/wii\libbte.a(l2cap.o)
                0x8000f99c                lp_connect_ind
 .text.lp_disconnect_ind
                0x8000f9a0       0xe4 e:/devkitPro/libogc/lib/wii\libbte.a(l2cap.o)
                0x8000f9a0                lp_disconnect_ind
 .text.l2cap_disconnect_bb
                0x8000fa84       0x10 e:/devkitPro/libogc/lib/wii\libbte.a(l2cap.o)
                0x8000fa84                l2cap_disconnect_bb
 .text.l2cap_next_sigid
                0x8000fa94       0x28 e:/devkitPro/libogc/lib/wii\libbte.a(l2cap.o)
                0x8000fa94                l2cap_next_sigid
 .text.l2cap_signal
                0x8000fabc      0x184 e:/devkitPro/libogc/lib/wii\libbte.a(l2cap.o)
                0x8000fabc                l2cap_signal
 .text.lp_connect_cfm
                0x8000fc40      0x130 e:/devkitPro/libogc/lib/wii\libbte.a(l2cap.o)
                0x8000fc40                lp_connect_cfm
 .text.l2ca_disconnect_req
                0x8000fd70       0xac e:/devkitPro/libogc/lib/wii\libbte.a(l2cap.o)
                0x8000fd70                l2ca_disconnect_req
 .text.l2cap_tmr
                0x8000fe1c      0x1e8 e:/devkitPro/libogc/lib/wii\libbte.a(l2cap.o)
                0x8000fe1c                l2cap_tmr
 .text.l2ca_config_req
                0x80010004      0x108 e:/devkitPro/libogc/lib/wii\libbte.a(l2cap.o)
                0x80010004                l2ca_config_req
 .text.l2cap_process_sig
                0x8001010c     0x1078 e:/devkitPro/libogc/lib/wii\libbte.a(l2cap.o)
                0x8001010c                l2cap_process_sig
 .text.l2cap_input
                0x80011184      0x4e8 e:/devkitPro/libogc/lib/wii\libbte.a(l2cap.o)
                0x80011184                l2cap_input
 .text.l2cap_arg
                0x8001166c        0x8 e:/devkitPro/libogc/lib/wii\libbte.a(l2cap.o)
                0x8001166c                l2cap_arg
 .text.l2cap_connect_ind
                0x80011674       0xd8 e:/devkitPro/libogc/lib/wii\libbte.a(l2cap.o)
                0x80011674                l2cap_connect_ind
 .text.l2cap_disconnect_ind
                0x8001174c        0x8 e:/devkitPro/libogc/lib/wii\libbte.a(l2cap.o)
                0x8001174c                l2cap_disconnect_ind
 .text.l2cap_recv
                0x80011754        0x8 e:/devkitPro/libogc/lib/wii\libbte.a(l2cap.o)
                0x80011754                l2cap_recv
 .text.btmemb_init
                0x8001175c       0x40 e:/devkitPro/libogc/lib/wii\libbte.a(btmemb.o)
                0x8001175c                btmemb_init
 .text.btmemb_alloc
                0x8001179c       0x9c e:/devkitPro/libogc/lib/wii\libbte.a(btmemb.o)
                0x8001179c                btmemb_alloc
 .text.btmemb_free
                0x80011838       0xa4 e:/devkitPro/libogc/lib/wii\libbte.a(btmemb.o)
                0x80011838                btmemb_free
 .text.plug_holes
                0x800118dc       0xb8 e:/devkitPro/libogc/lib/wii\libbte.a(btmemr.o)
 .text.btmemr_init
                0x80011994       0x8c e:/devkitPro/libogc/lib/wii\libbte.a(btmemr.o)
                0x80011994                btmemr_init
 .text.btmemr_malloc
                0x80011a20      0x164 e:/devkitPro/libogc/lib/wii\libbte.a(btmemr.o)
                0x80011a20                btmemr_malloc
 .text.btmemr_free
                0x80011b84       0x94 e:/devkitPro/libogc/lib/wii\libbte.a(btmemr.o)
                0x80011b84                btmemr_free
 .text.btmemr_realloc
                0x80011c18       0xf0 e:/devkitPro/libogc/lib/wii\libbte.a(btmemr.o)
                0x80011c18                btmemr_realloc
 .text.btpbuf_init
                0x80011d08       0x2c e:/devkitPro/libogc/lib/wii\libbte.a(btpbuf.o)
                0x80011d08                btpbuf_init
 .text.btpbuf_free
                0x80011d34       0xc4 e:/devkitPro/libogc/lib/wii\libbte.a(btpbuf.o)
                0x80011d34                btpbuf_free
 .text.btpbuf_alloc
                0x80011df8      0x1d0 e:/devkitPro/libogc/lib/wii\libbte.a(btpbuf.o)
                0x80011df8                btpbuf_alloc
 .text.btpbuf_realloc
                0x80011fc8       0xa4 e:/devkitPro/libogc/lib/wii\libbte.a(btpbuf.o)
                0x80011fc8                btpbuf_realloc
 .text.btpbuf_header
                0x8001206c       0x98 e:/devkitPro/libogc/lib/wii\libbte.a(btpbuf.o)
                0x8001206c                btpbuf_header
 .text.btpbuf_ref
                0x80012104       0x4c e:/devkitPro/libogc/lib/wii\libbte.a(btpbuf.o)
                0x80012104                btpbuf_ref
 .text.btpbuf_cat
                0x80012150       0x3c e:/devkitPro/libogc/lib/wii\libbte.a(btpbuf.o)
                0x80012150                btpbuf_cat
 .text.btpbuf_chain
                0x8001218c       0x34 e:/devkitPro/libogc/lib/wii\libbte.a(btpbuf.o)
                0x8001218c                btpbuf_chain
 .text.btpbuf_dechain
                0x800121c0       0x60 e:/devkitPro/libogc/lib/wii\libbte.a(btpbuf.o)
                0x800121c0                btpbuf_dechain
 .text.btpbuf_take
                0x80012220       0xe8 e:/devkitPro/libogc/lib/wii\libbte.a(btpbuf.o)
                0x80012220                btpbuf_take
 .text.__usb_closeCB
                0x80012308       0x10 e:/devkitPro/libogc/lib/wii\libbte.a(physbusif.o)
 .text.__writebulkmsgCB
                0x80012318       0x34 e:/devkitPro/libogc/lib/wii\libbte.a(physbusif.o)
 .text.__writectrlmsgCB
                0x8001234c       0x34 e:/devkitPro/libogc/lib/wii\libbte.a(physbusif.o)
 .text.__initUsbIOBuffer
                0x80012380       0x78 e:/devkitPro/libogc/lib/wii\libbte.a(physbusif.o)
 .text.__issue_intrread.part.0
                0x800123f8       0x7c e:/devkitPro/libogc/lib/wii\libbte.a(physbusif.o)
 .text.__readintrdataCB
                0x80012474       0xf0 e:/devkitPro/libogc/lib/wii\libbte.a(physbusif.o)
 .text.__issue_bulkread.part.2
                0x80012564       0x7c e:/devkitPro/libogc/lib/wii\libbte.a(physbusif.o)
 .text.__readbulkdataCB
                0x800125e0       0xf0 e:/devkitPro/libogc/lib/wii\libbte.a(physbusif.o)
 .text.physbusif_init
                0x800126d0      0x15c e:/devkitPro/libogc/lib/wii\libbte.a(physbusif.o)
                0x800126d0                physbusif_init
 .text.physbusif_close
                0x8001282c       0x28 e:/devkitPro/libogc/lib/wii\libbte.a(physbusif.o)
                0x8001282c                physbusif_close
 .text.physbusif_shutdown
                0x80012854       0x40 e:/devkitPro/libogc/lib/wii\libbte.a(physbusif.o)
                0x80012854                physbusif_shutdown
 .text.physbusif_reset_all
                0x80012894        0x4 e:/devkitPro/libogc/lib/wii\libbte.a(physbusif.o)
                0x80012894                physbusif_reset_all
 .text.physbusif_output
                0x80012898      0x140 e:/devkitPro/libogc/lib/wii\libbte.a(physbusif.o)
                0x80012898                physbusif_output
 .text.__console_clear_line
                0x800129d8       0x94 e:/devkitPro/libogc/lib/wii\libogc.a(console.o)
 .text.__console_clear
                0x80012a6c       0x58 e:/devkitPro/libogc/lib/wii\libogc.a(console.o)
 .text.__console_write
                0x80012ac4      0x680 e:/devkitPro/libogc/lib/wii\libogc.a(console.o)
                0x80012ac4                __console_write
 .text.__console_init
                0x80013144      0x100 e:/devkitPro/libogc/lib/wii\libogc.a(console.o)
                0x80013144                __console_init
 .text.CON_Init
                0x80013244        0x4 e:/devkitPro/libogc/lib/wii\libogc.a(console.o)
                0x80013244                CON_Init
 .text.CON_EnableGecko
                0x80013248       0xa0 e:/devkitPro/libogc/lib/wii\libogc.a(console.o)
                0x80013248                CON_EnableGecko
 .text.__lwp_queue_initialize
                0x800132e8       0x3c e:/devkitPro/libogc/lib/wii\libogc.a(lwp_queue.o)
                0x800132e8                __lwp_queue_initialize
 .text.__lwp_queue_get
                0x80013324       0x64 e:/devkitPro/libogc/lib/wii\libogc.a(lwp_queue.o)
                0x80013324                __lwp_queue_get
 .text.__lwp_queue_append
                0x80013388       0x50 e:/devkitPro/libogc/lib/wii\libogc.a(lwp_queue.o)
                0x80013388                __lwp_queue_append
 .text.__lwp_priomap_addto
                0x800133d8       0x28 e:/devkitPro/libogc/lib/wii\libogc.a(lwp_threads.o)
 .text.__lwp_thread_calcheir
                0x80013400       0x3c e:/devkitPro/libogc/lib/wii\libogc.a(lwp_threads.o)
 .text.__lwp_thread_dispatchunnest
                0x8001343c       0x10 e:/devkitPro/libogc/lib/wii\libogc.a(lwp_threads.o)
 .text.__lwp_priomap_removefrom
                0x8001344c       0x38 e:/devkitPro/libogc/lib/wii\libogc.a(lwp_threads.o)
 .text.__lwp_wd_insert_ticks.constprop.4
                0x80013484       0x60 e:/devkitPro/libogc/lib/wii\libogc.a(lwp_threads.o)
 .text.__lwp_isr_in_progress
                0x800134e4        0x8 e:/devkitPro/libogc/lib/wii\libogc.a(lwp_threads.o)
                0x800134e4                __lwp_isr_in_progress
 .text.__thread_dispatch_fp
                0x800134ec       0x7c e:/devkitPro/libogc/lib/wii\libogc.a(lwp_threads.o)
                0x800134ec                __thread_dispatch_fp
 .text.__thread_dispatch
                0x80013568       0xe0 e:/devkitPro/libogc/lib/wii\libogc.a(lwp_threads.o)
                0x80013568                __thread_dispatch
 .text.__lwp_thread_dispatchenable
                0x80013648       0x18 e:/devkitPro/libogc/lib/wii\libogc.a(lwp_threads.o)
 .text.__lwp_thread_resettimeslice
                0x80013660       0xcc e:/devkitPro/libogc/lib/wii\libogc.a(lwp_threads.o)
                0x80013660                __lwp_thread_resettimeslice
 .text.__lwp_thread_tickle_timeslice
                0x8001372c       0x80 e:/devkitPro/libogc/lib/wii\libogc.a(lwp_threads.o)
                0x8001372c                __lwp_thread_tickle_timeslice
 .text.__lwp_thread_setstate
                0x800137ac       0xf8 e:/devkitPro/libogc/lib/wii\libogc.a(lwp_threads.o)
                0x800137ac                __lwp_thread_setstate
 .text.__lwp_thread_clearstate
                0x800138a4       0xe8 e:/devkitPro/libogc/lib/wii\libogc.a(lwp_threads.o)
                0x800138a4                __lwp_thread_clearstate
 .text.__lwp_thread_delayended
                0x8001398c       0x4c e:/devkitPro/libogc/lib/wii\libogc.a(lwp_threads.o)
                0x8001398c                __lwp_thread_delayended
 .text.__lwp_thread_setpriority
                0x800139d8       0x5c e:/devkitPro/libogc/lib/wii\libogc.a(lwp_threads.o)
                0x800139d8                __lwp_thread_setpriority
 .text.__lwp_thread_settransient
                0x80013a34       0xa8 e:/devkitPro/libogc/lib/wii\libogc.a(lwp_threads.o)
                0x80013a34                __lwp_thread_settransient
 .text.__lwp_thread_changepriority
                0x80013adc      0x118 e:/devkitPro/libogc/lib/wii\libogc.a(lwp_threads.o)
                0x80013adc                __lwp_thread_changepriority
 .text.__lwp_thread_loadenv
                0x80013bf4       0x78 e:/devkitPro/libogc/lib/wii\libogc.a(lwp_threads.o)
                0x80013bf4                __lwp_thread_loadenv
 .text.__lwp_thread_ready
                0x80013c6c       0xc0 e:/devkitPro/libogc/lib/wii\libogc.a(lwp_threads.o)
                0x80013c6c                __lwp_thread_ready
 .text.__lwp_thread_init
                0x80013d2c       0xf8 e:/devkitPro/libogc/lib/wii\libogc.a(lwp_threads.o)
                0x80013d2c                __lwp_thread_init
 .text.__lwp_thread_close
                0x80013e24      0x108 e:/devkitPro/libogc/lib/wii\libogc.a(lwp_threads.o)
                0x80013e24                __lwp_thread_close
 .text.__lwp_thread_closeall
                0x80013f2c       0x9c e:/devkitPro/libogc/lib/wii\libogc.a(lwp_threads.o)
                0x80013f2c                __lwp_thread_closeall
 .text.__lwp_thread_exit
                0x80013fc8       0x38 e:/devkitPro/libogc/lib/wii\libogc.a(lwp_threads.o)
                0x80013fc8                __lwp_thread_exit
 .text.__lwp_thread_handler
                0x80014000       0x68 e:/devkitPro/libogc/lib/wii\libogc.a(lwp_threads.o)
 .text.__lwp_thread_start
                0x80014068       0x58 e:/devkitPro/libogc/lib/wii\libogc.a(lwp_threads.o)
                0x80014068                __lwp_thread_start
 .text.__lwp_thread_startmultitasking
                0x800140c0       0x64 e:/devkitPro/libogc/lib/wii\libogc.a(lwp_threads.o)
                0x800140c0                __lwp_thread_startmultitasking
 .text.__lwp_thread_stopmultitasking
                0x80014124       0x5c e:/devkitPro/libogc/lib/wii\libogc.a(lwp_threads.o)
                0x80014124                __lwp_thread_stopmultitasking
 .text.__lwp_thread_coreinit
                0x80014180       0xd8 e:/devkitPro/libogc/lib/wii\libogc.a(lwp_threads.o)
                0x80014180                __lwp_thread_coreinit
 .text.__lwp_objmgr_open
                0x80014258       0x20 e:/devkitPro/libogc/lib/wii\libogc.a(lwp.o)
 .text.__lwp_thread_dispatchdisable
                0x80014278       0x10 e:/devkitPro/libogc/lib/wii\libogc.a(lwp.o)
 .text.idle_func
                0x80014288        0x4 e:/devkitPro/libogc/lib/wii\libogc.a(lwp.o)
 .text.__lwp_thread_dispatchenable
                0x8001428c       0x34 e:/devkitPro/libogc/lib/wii\libogc.a(lwp.o)
 .text.__lwp_tqueue_open
                0x800142c0       0x48 e:/devkitPro/libogc/lib/wii\libogc.a(lwp.o)
 .text.__lwp_sysinit
                0x80014308       0xec e:/devkitPro/libogc/lib/wii\libogc.a(lwp.o)
                0x80014308                __lwp_sysinit
 .text.LWP_InitQueue
                0x800143f4       0x84 e:/devkitPro/libogc/lib/wii\libogc.a(lwp.o)
                0x800143f4                LWP_InitQueue
 .text.LWP_CloseQueue
                0x80014478       0x68 e:/devkitPro/libogc/lib/wii\libogc.a(lwp.o)
                0x80014478                LWP_CloseQueue
 .text.LWP_ThreadSleep
                0x800144e0       0xa0 e:/devkitPro/libogc/lib/wii\libogc.a(lwp.o)
                0x800144e0                LWP_ThreadSleep
 .text.LWP_ThreadBroadcast
                0x80014580       0x50 e:/devkitPro/libogc/lib/wii\libogc.a(lwp.o)
                0x80014580                LWP_ThreadBroadcast
 .text.LWP_ThreadSignal
                0x800145d0       0x40 e:/devkitPro/libogc/lib/wii\libogc.a(lwp.o)
                0x800145d0                LWP_ThreadSignal
 .text.__lwp_stack_allocate
                0x80014610       0x50 e:/devkitPro/libogc/lib/wii\libogc.a(lwp_stack.o)
                0x80014610                __lwp_stack_allocate
 .text.__lwp_stack_free
                0x80014660       0x3c e:/devkitPro/libogc/lib/wii\libogc.a(lwp_stack.o)
                0x80014660                __lwp_stack_free
 .text.__lwp_wd_settimer.isra.3
                0x8001469c       0xb4 e:/devkitPro/libogc/lib/wii\libogc.a(lwp_watchdog.o)
 .text.__lwp_watchdog_init
                0x80014750       0x2c e:/devkitPro/libogc/lib/wii\libogc.a(lwp_watchdog.o)
                0x80014750                __lwp_watchdog_init
 .text.__lwp_wd_insert
                0x8001477c      0x150 e:/devkitPro/libogc/lib/wii\libogc.a(lwp_watchdog.o)
                0x8001477c                __lwp_wd_insert
 .text.__lwp_wd_remove
                0x800148cc       0xd0 e:/devkitPro/libogc/lib/wii\libogc.a(lwp_watchdog.o)
                0x800148cc                __lwp_wd_remove
 .text.__lwp_wd_tickle
                0x8001499c       0xfc e:/devkitPro/libogc/lib/wii\libogc.a(lwp_watchdog.o)
                0x8001499c                __lwp_wd_tickle
 .text.__lwp_wkspace_init
                0x80014a98       0xa0 e:/devkitPro/libogc/lib/wii\libogc.a(lwp_wkspace.o)
                0x80014a98                __lwp_wkspace_init
 .text.__lwp_objmgr_initinfo
                0x80014b38      0x148 e:/devkitPro/libogc/lib/wii\libogc.a(lwp_objmgr.o)
                0x80014b38                __lwp_objmgr_initinfo
 .text.__lwp_objmgr_getisrdisable
                0x80014c80       0x68 e:/devkitPro/libogc/lib/wii\libogc.a(lwp_objmgr.o)
                0x80014c80                __lwp_objmgr_getisrdisable
 .text.__lwp_objmgr_getnoprotection
                0x80014ce8       0x24 e:/devkitPro/libogc/lib/wii\libogc.a(lwp_objmgr.o)
                0x80014ce8                __lwp_objmgr_getnoprotection
 .text.__lwp_objmgr_get
                0x80014d0c       0x68 e:/devkitPro/libogc/lib/wii\libogc.a(lwp_objmgr.o)
                0x80014d0c                __lwp_objmgr_get
 .text.__lwp_objmgr_allocate
                0x80014d74       0x78 e:/devkitPro/libogc/lib/wii\libogc.a(lwp_objmgr.o)
                0x80014d74                __lwp_objmgr_allocate
 .text.__lwp_objmgr_free
                0x80014dec       0x60 e:/devkitPro/libogc/lib/wii\libogc.a(lwp_objmgr.o)
                0x80014dec                __lwp_objmgr_free
 .text.__lwp_heap_init
                0x80014e4c       0xb0 e:/devkitPro/libogc/lib/wii\libogc.a(lwp_heap.o)
                0x80014e4c                __lwp_heap_init
 .text.__lwp_heap_allocate
                0x80014efc      0x130 e:/devkitPro/libogc/lib/wii\libogc.a(lwp_heap.o)
                0x80014efc                __lwp_heap_allocate
 .text.__lwp_heap_free
                0x8001502c      0x1d8 e:/devkitPro/libogc/lib/wii\libogc.a(lwp_heap.o)
                0x8001502c                __lwp_heap_free
 .text.__SetInterrupts
                0x80015204      0x288 e:/devkitPro/libogc/lib/wii\libogc.a(irq.o)
 .text.c_irqdispatcher
                0x8001548c      0x28c e:/devkitPro/libogc/lib/wii\libogc.a(irq.o)
                0x8001548c                c_irqdispatcher
 .text.__UnmaskIrq
                0x80015718       0x7c e:/devkitPro/libogc/lib/wii\libogc.a(irq.o)
                0x80015718                __UnmaskIrq
 .text.__MaskIrq
                0x80015794       0x7c e:/devkitPro/libogc/lib/wii\libogc.a(irq.o)
                0x80015794                __MaskIrq
 .text.__irq_init
                0x80015810       0x94 e:/devkitPro/libogc/lib/wii\libogc.a(irq.o)
                0x80015810                __irq_init
 .text.IRQ_Request
                0x800158a4       0x54 e:/devkitPro/libogc/lib/wii\libogc.a(irq.o)
                0x800158a4                IRQ_Request
 .text.IRQ_GetHandler
                0x800158f8       0x48 e:/devkitPro/libogc/lib/wii\libogc.a(irq.o)
                0x800158f8                IRQ_GetHandler
 .text.IRQ_Disable
                0x80015940       0x24 e:/devkitPro/libogc/lib/wii\libogc.a(irq.o)
                0x80015940                IRQ_Disable
 .text.IRQ_Restore
                0x80015964       0x1c e:/devkitPro/libogc/lib/wii\libogc.a(irq.o)
                0x80015964                IRQ_Restore
 .text.__viOpenI2C
                0x80015980       0x24 e:/devkitPro/libogc/lib/wii\libogc.a(video.o)
 .text.__viSetSCL
                0x800159a4       0x24 e:/devkitPro/libogc/lib/wii\libogc.a(video.o)
 .text.__viSetSDA
                0x800159c8       0x24 e:/devkitPro/libogc/lib/wii\libogc.a(video.o)
 .text.__setVerticalRegs
                0x800159ec       0xc0 e:/devkitPro/libogc/lib/wii\libogc.a(video.o)
 .text.__adjustPosition
                0x80015aac      0x174 e:/devkitPro/libogc/lib/wii\libogc.a(video.o)
 .text.__getCurrentHalfLine
                0x80015c20       0x58 e:/devkitPro/libogc/lib/wii\libogc.a(video.o)
 .text.__setFbbRegs.constprop.3
                0x80015c78      0x1e8 e:/devkitPro/libogc/lib/wii\libogc.a(video.o)
 .text.__VISendI2CData.constprop.5
                0x80015e60      0x278 e:/devkitPro/libogc/lib/wii\libogc.a(video.o)
 .text.__VIWriteI2CRegister8
                0x800160d8       0x38 e:/devkitPro/libogc/lib/wii\libogc.a(video.o)
 .text.__VISetYUVSEL
                0x80016110       0x4c e:/devkitPro/libogc/lib/wii\libogc.a(video.o)
 .text.__VIWriteI2CRegister16
                0x8001615c       0x40 e:/devkitPro/libogc/lib/wii\libogc.a(video.o)
 .text.__VIWriteI2CRegisterBuf
                0x8001619c       0x48 e:/devkitPro/libogc/lib/wii\libogc.a(video.o)
 .text.__VIWriteI2CRegister32.constprop.6
                0x800161e4       0x4c e:/devkitPro/libogc/lib/wii\libogc.a(video.o)
 .text.VIDEO_Configure
                0x80016230      0x418 e:/devkitPro/libogc/lib/wii\libogc.a(video.o)
                0x80016230                VIDEO_Configure
 .text.VIDEO_WaitVSync
                0x80016648       0x68 e:/devkitPro/libogc/lib/wii\libogc.a(video.o)
                0x80016648                VIDEO_WaitVSync
 .text.VIDEO_SetFramebuffer
                0x800166b0       0xfc e:/devkitPro/libogc/lib/wii\libogc.a(video.o)
                0x800166b0                VIDEO_SetFramebuffer
 .text.VIDEO_SetNextFramebuffer
                0x800167ac       0x64 e:/devkitPro/libogc/lib/wii\libogc.a(video.o)
                0x800167ac                VIDEO_SetNextFramebuffer
 .text.VIDEO_Flush
                0x80016810       0xf8 e:/devkitPro/libogc/lib/wii\libogc.a(video.o)
                0x80016810                VIDEO_Flush
 .text.VIDEO_SetBlack
                0x80016908       0x88 e:/devkitPro/libogc/lib/wii\libogc.a(video.o)
                0x80016908                VIDEO_SetBlack
 .text.VIDEO_GetCurrentTvMode
                0x80016990       0x70 e:/devkitPro/libogc/lib/wii\libogc.a(video.o)
                0x80016990                VIDEO_GetCurrentTvMode
 .text.VIDEO_Init
                0x80016a00      0x550 e:/devkitPro/libogc/lib/wii\libogc.a(video.o)
                0x80016a00                VIDEO_Init
 .text.__VIRetraceHandler
                0x80016f50      0x1f8 e:/devkitPro/libogc/lib/wii\libogc.a(video.o)
 .text.VIDEO_GetPreferredMode
                0x80017148       0xb8 e:/devkitPro/libogc/lib/wii\libogc.a(video.o)
                0x80017148                VIDEO_GetPreferredMode
 .text.VIDEO_GetCurrentLine
                0x80017200       0x68 e:/devkitPro/libogc/lib/wii\libogc.a(video.o)
                0x80017200                VIDEO_GetCurrentLine
 .text.VIDEO_GetFrameBufferSize
                0x80017268       0x30 e:/devkitPro/libogc/lib/wii\libogc.a(video.o)
                0x80017268                VIDEO_GetFrameBufferSize
 .text.__call_resetfuncs
                0x80017298       0x8c e:/devkitPro/libogc/lib/wii\libogc.a(system.o)
 .text.__RSWDefaultHandler
                0x80017324        0x4 e:/devkitPro/libogc/lib/wii\libogc.a(system.o)
 .text.__POWDefaultHandler
                0x80017328        0x4 e:/devkitPro/libogc/lib/wii\libogc.a(system.o)
 .text.__locksram
                0x8001732c       0x68 e:/devkitPro/libogc/lib/wii\libogc.a(system.o)
 .text.__lwp_thread_dispatchenable
                0x80017394       0x34 e:/devkitPro/libogc/lib/wii\libogc.a(system.o)
 .text.__lwp_wd_insert_ticks
                0x800173c8       0x68 e:/devkitPro/libogc/lib/wii\libogc.a(system.o)
 .text.__lwp_syswd_open
                0x80017430       0x48 e:/devkitPro/libogc/lib/wii\libogc.a(system.o)
 .text.__sys_alarmhandler
                0x80017478       0x94 e:/devkitPro/libogc/lib/wii\libogc.a(system.o)
 .text.__sram_write
                0x8001750c       0xfc e:/devkitPro/libogc/lib/wii\libogc.a(system.o)
 .text.__unlocksram
                0x80017608      0x100 e:/devkitPro/libogc/lib/wii\libogc.a(system.o)
 .text.__sram_writecallback
                0x80017708       0x4c e:/devkitPro/libogc/lib/wii\libogc.a(system.o)
 .text.__sram_init
                0x80017754      0x130 e:/devkitPro/libogc/lib/wii\libogc.a(system.o)
                0x80017754                __sram_init
 .text.__SYS_LockSramEx
                0x80017884        0x8 e:/devkitPro/libogc/lib/wii\libogc.a(system.o)
                0x80017884                __SYS_LockSramEx
 .text.__SYS_UnlockSramEx
                0x8001788c        0x8 e:/devkitPro/libogc/lib/wii\libogc.a(system.o)
                0x8001788c                __SYS_UnlockSramEx
 .text.__SYS_GetIPCBufferLo
                0x80017894        0x8 e:/devkitPro/libogc/lib/wii\libogc.a(system.o)
                0x80017894                __SYS_GetIPCBufferLo
 .text.__SYS_GetIPCBufferHi
                0x8001789c        0x8 e:/devkitPro/libogc/lib/wii\libogc.a(system.o)
                0x8001789c                __SYS_GetIPCBufferHi
 .text._V_EXPORTNAME
                0x800178a4       0x1c e:/devkitPro/libogc/lib/wii\libogc.a(system.o)
                0x800178a4                _V_EXPORTNAME
 .text.__SYS_DoPowerCB
                0x800178c0       0x68 e:/devkitPro/libogc/lib/wii\libogc.a(system.o)
                0x800178c0                __SYS_DoPowerCB
 .text.__SYS_InitCallbacks
                0x80017928       0x24 e:/devkitPro/libogc/lib/wii\libogc.a(system.o)
                0x80017928                __SYS_InitCallbacks
 .text.__SYS_PreInit
                0x8001794c        0x4 e:/devkitPro/libogc/lib/wii\libogc.a(system.o)
                0x8001794c                __SYS_PreInit
 .text.SYS_PreMain
                0x80017950       0x50 e:/devkitPro/libogc/lib/wii\libogc.a(system.o)
                0x80017950                SYS_PreMain
 .text.SYS_ResetButtonDown
                0x800179a0       0x1c e:/devkitPro/libogc/lib/wii\libogc.a(system.o)
                0x800179a0                SYS_ResetButtonDown
 .text.__STMEventHandler
                0x800179bc       0xac e:/devkitPro/libogc/lib/wii\libogc.a(system.o)
 .text.SYS_ResetSystem
                0x80017a68      0x1f4 e:/devkitPro/libogc/lib/wii\libogc.a(system.o)
                0x80017a68                SYS_ResetSystem
 .text.__libogc_exit
                0x80017c5c       0x84 e:/devkitPro/libogc/lib/wii\libogc.a(system.o)
                0x80017c5c                __libogc_exit
 .text.__reload
                0x80017ce0       0x7c e:/devkitPro/libogc/lib/wii\libogc.a(system.o)
                0x80017ce0                __reload
 .text.SYS_RegisterResetFunc
                0x80017d5c       0x80 e:/devkitPro/libogc/lib/wii\libogc.a(system.o)
                0x80017d5c                SYS_RegisterResetFunc
 .text.SYS_SetArena1Lo
                0x80017ddc       0x3c e:/devkitPro/libogc/lib/wii\libogc.a(system.o)
                0x80017ddc                SYS_SetArena1Lo
 .text.SYS_GetArena1Lo
                0x80017e18       0x3c e:/devkitPro/libogc/lib/wii\libogc.a(system.o)
                0x80017e18                SYS_GetArena1Lo
 .text.SYS_SetArena1Hi
                0x80017e54       0x3c e:/devkitPro/libogc/lib/wii\libogc.a(system.o)
                0x80017e54                SYS_SetArena1Hi
 .text.SYS_GetArena1Hi
                0x80017e90       0x3c e:/devkitPro/libogc/lib/wii\libogc.a(system.o)
                0x80017e90                SYS_GetArena1Hi
 .text.SYS_SetArena2Lo
                0x80017ecc       0x3c e:/devkitPro/libogc/lib/wii\libogc.a(system.o)
                0x80017ecc                SYS_SetArena2Lo
 .text.SYS_GetArena2Lo
                0x80017f08       0x3c e:/devkitPro/libogc/lib/wii\libogc.a(system.o)
                0x80017f08                SYS_GetArena2Lo
 .text.SYS_SetArena2Hi
                0x80017f44       0x3c e:/devkitPro/libogc/lib/wii\libogc.a(system.o)
                0x80017f44                SYS_SetArena2Hi
 .text.SYS_Init